21:58:54 **** Incremental Build of configuration Debug for project microblaze_video_march_31_1 ****
make all 
make: Nothing to be done for 'all'.
21:59:02 **** Auto Build of configuration Debug for project microblaze_video_march_31_1 ****
make all 
'Building file: ../src/helloworld.c'
'Invoking: MicroBlaze gcc compiler'
mb-gcc -Wall -O0 -g3 -c -fmessage-length=0 -MT"src/helloworld.o" -I../../microblaze_video_march_31_1_bsp/microblaze_0/include -mlittle-endian -mcpu=v11.0 -mxl-soft-mul -Wl,--no-relax -ffunction-sections -fdata-sections -MMD -MP -MF"src/helloworld.d" -MT"src/helloworld.o" -o "src/helloworld.o" "../src/helloworld.c"
../src/helloworld.c: In function 'main':
../src/helloworld.c:17:2: error: expected ';' before 'make_background'
  make_background();
  ^~~~~~~~~~~~~~~
../src/helloworld.c:89:2: warning: implicit declaration of function 'draw_line'; did you mean 'draw_pixel'? [-Wimplicit-function-declaration]
  draw_line(mult_x[mult_option], 210, 0xff);
  ^~~~~~~~~
  draw_pixel
../src/helloworld.c:90:2: warning: implicit declaration of function 'write_number'; did you mean 'is_number'? [-Wimplicit-function-declaration]
  write_number(mult_x[0], 180, multiplier[0], 0xff);
  ^~~~~~~~~~~~
  is_number
../src/helloworld.c:97:2: warning: implicit declaration of function 'write_ON'; did you mean 'write_O'? [-Wimplicit-function-declaration]
  write_ON();
  ^~~~~~~~
  write_O
../src/helloworld.c:123:2: warning: implicit declaration of function 'init_WindowEnable' [-Wimplicit-function-declaration]
  init_WindowEnable();
  ^~~~~~~~~~~~~~~~~
../src/helloworld.c:358:9: warning: unused variable 'huh' [-Wunused-variable]
     int huh = test[508];
         ^~~
../src/helloworld.c:422:6: warning: implicit declaration of function 'write_OFF'; did you mean 'write_O'? [-Wimplicit-function-declaration]
      write_OFF();
      ^~~~~~~~~
      write_O
../src/helloworld.c:146:7: warning: unused variable 'print_bin' [-Wunused-variable]
   int print_bin = 6;
       ^~~~~~~~~
../src/helloworld.c:112:6: warning: unused variable 'previous_windowVal' [-Wunused-variable]
  int previous_windowVal = 1;
      ^~~~~~~~~~~~~~~~~~
../src/helloworld.c:86:6: warning: unused variable 'previous_mult' [-Wunused-variable]
  int previous_mult = 0;
      ^~~~~~~~~~~~~
../src/helloworld.c:83:6: warning: unused variable 'previous_multiplier' [-Wunused-variable]
  int previous_multiplier[3] = {0, 0, 0};
      ^~~~~~~~~~~~~~~~~~~
../src/helloworld.c:68:6: warning: variable 'bins' set but not used [-Wunused-but-set-variable]
  u32 bins[10] = {};
      ^~~~
../src/helloworld.c:61:6: warning: unused variable 'v_color' [-Wunused-variable]
  int v_color;
      ^~~~~~~
../src/helloworld.c:60:6: warning: unused variable 'v_start_y' [-Wunused-variable]
  int v_start_y;
      ^~~~~~~~~
../src/helloworld.c:59:6: warning: unused variable 'v_start_x' [-Wunused-variable]
  int v_start_x;
      ^~~~~~~~~
../src/helloworld.c:34:15: warning: unused variable 'mic_bit' [-Wunused-variable]
  unsigned int mic_bit;
               ^~~~~~~
../src/helloworld.c: At top level:
../src/helloworld.c:794:6: warning: conflicting types for 'init_WindowEnable'
 void init_WindowEnable()
      ^~~~~~~~~~~~~~~~~
../src/helloworld.c:123:2: note: previous implicit declaration of 'init_WindowEnable' was here
  init_WindowEnable();
  ^~~~~~~~~~~~~~~~~
../src/helloworld.c: In function 'is_number':
../src/helloworld.c:816:5: warning: type of 'x' defaults to 'int' [-Wimplicit-int]
 int is_number(x)
     ^~~~~~~~~
../src/helloworld.c: At top level:
../src/helloworld.c:824:6: warning: conflicting types for 'write_ON'
 void write_ON()
      ^~~~~~~~
../src/helloworld.c:97:2: note: previous implicit declaration of 'write_ON' was here
  write_ON();
  ^~~~~~~~
../src/helloworld.c:851:6: warning: conflicting types for 'write_OFF'
 void write_OFF()
      ^~~~~~~~~
../src/helloworld.c:422:6: note: previous implicit declaration of 'write_OFF' was here
      write_OFF();
      ^~~~~~~~~
../src/helloworld.c:880:6: warning: conflicting types for 'draw_line'
 void draw_line(int start_x, int start_y, int color)
      ^~~~~~~~~
../src/helloworld.c:89:2: note: previous implicit declaration of 'draw_line' was here
  draw_line(mult_x[mult_option], 210, 0xff);
  ^~~~~~~~~
../src/helloworld.c:1187:6: warning: conflicting types for 'write_number'
 void write_number(int start_x, int start_y, int number, int color)
      ^~~~~~~~~~~~
../src/helloworld.c:90:2: note: previous implicit declaration of 'write_number' was here
  write_number(mult_x[0], 180, multiplier[0], 0xff);
  ^~~~~~~~~~~~
make: *** [src/subdir.mk:35: src/helloworld.o] Error 1
21:59:03 **** Auto Build of configuration Debug for project microblaze_video_march_31_1 ****
make all 
'Building file: ../src/helloworld.c'
'Invoking: MicroBlaze gcc compiler'
mb-gcc -Wall -O0 -g3 -c -fmessage-length=0 -MT"src/helloworld.o" -I../../microblaze_video_march_31_1_bsp/microblaze_0/include -mlittle-endian -mcpu=v11.0 -mxl-soft-mul -Wl,--no-relax -ffunction-sections -fdata-sections -MMD -MP -MF"src/helloworld.d" -MT"src/helloworld.o" -o "src/helloworld.o" "../src/helloworld.c"
../src/helloworld.c: In function 'main':
../src/helloworld.c:89:2: warning: implicit declaration of function 'draw_line'; did you mean 'draw_pixel'? [-Wimplicit-function-declaration]
  draw_line(mult_x[mult_option], 210, 0xff);
  ^~~~~~~~~
  draw_pixel
../src/helloworld.c:90:2: warning: implicit declaration of function 'write_number'; did you mean 'is_number'? [-Wimplicit-function-declaration]
  write_number(mult_x[0], 180, multiplier[0], 0xff);
  ^~~~~~~~~~~~
  is_number
../src/helloworld.c:97:2: warning: implicit declaration of function 'write_ON'; did you mean 'write_O'? [-Wimplicit-function-declaration]
  write_ON();
  ^~~~~~~~
  write_O
../src/helloworld.c:123:2: warning: implicit declaration of function 'init_WindowEnable' [-Wimplicit-function-declaration]
  init_WindowEnable();
  ^~~~~~~~~~~~~~~~~
../src/helloworld.c:358:9: warning: unused variable 'huh' [-Wunused-variable]
     int huh = test[508];
         ^~~
../src/helloworld.c:422:6: warning: implicit declaration of function 'write_OFF'; did you mean 'write_O'? [-Wimplicit-function-declaration]
      write_OFF();
      ^~~~~~~~~
      write_O
../src/helloworld.c:146:7: warning: unused variable 'print_bin' [-Wunused-variable]
   int print_bin = 6;
       ^~~~~~~~~
../src/helloworld.c:112:6: warning: unused variable 'previous_windowVal' [-Wunused-variable]
  int previous_windowVal = 1;
      ^~~~~~~~~~~~~~~~~~
../src/helloworld.c:86:6: warning: unused variable 'previous_mult' [-Wunused-variable]
  int previous_mult = 0;
      ^~~~~~~~~~~~~
../src/helloworld.c:83:6: warning: unused variable 'previous_multiplier' [-Wunused-variable]
  int previous_multiplier[3] = {0, 0, 0};
      ^~~~~~~~~~~~~~~~~~~
../src/helloworld.c:68:6: warning: variable 'bins' set but not used [-Wunused-but-set-variable]
  u32 bins[10] = {};
      ^~~~
../src/helloworld.c:61:6: warning: unused variable 'v_color' [-Wunused-variable]
  int v_color;
      ^~~~~~~
../src/helloworld.c:60:6: warning: unused variable 'v_start_y' [-Wunused-variable]
  int v_start_y;
      ^~~~~~~~~
../src/helloworld.c:59:6: warning: unused variable 'v_start_x' [-Wunused-variable]
  int v_start_x;
      ^~~~~~~~~
../src/helloworld.c:34:15: warning: unused variable 'mic_bit' [-Wunused-variable]
  unsigned int mic_bit;
               ^~~~~~~
../src/helloworld.c: At top level:
../src/helloworld.c:794:6: warning: conflicting types for 'init_WindowEnable'
 void init_WindowEnable()
      ^~~~~~~~~~~~~~~~~
../src/helloworld.c:123:2: note: previous implicit declaration of 'init_WindowEnable' was here
  init_WindowEnable();
  ^~~~~~~~~~~~~~~~~
../src/helloworld.c: In function 'is_number':
../src/helloworld.c:816:5: warning: type of 'x' defaults to 'int' [-Wimplicit-int]
 int is_number(x)
     ^~~~~~~~~
../src/helloworld.c: At top level:
../src/helloworld.c:824:6: warning: conflicting types for 'write_ON'
 void write_ON()
      ^~~~~~~~
../src/helloworld.c:97:2: note: previous implicit declaration of 'write_ON' was here
  write_ON();
  ^~~~~~~~
../src/helloworld.c:851:6: warning: conflicting types for 'write_OFF'
 void write_OFF()
      ^~~~~~~~~
../src/helloworld.c:422:6: note: previous implicit declaration of 'write_OFF' was here
      write_OFF();
      ^~~~~~~~~
../src/helloworld.c:880:6: warning: conflicting types for 'draw_line'
 void draw_line(int start_x, int start_y, int color)
      ^~~~~~~~~
../src/helloworld.c:89:2: note: previous implicit declaration of 'draw_line' was here
  draw_line(mult_x[mult_option], 210, 0xff);
  ^~~~~~~~~
../src/helloworld.c:1187:6: warning: conflicting types for 'write_number'
 void write_number(int start_x, int start_y, int number, int color)
      ^~~~~~~~~~~~
../src/helloworld.c:90:2: note: previous implicit declaration of 'write_number' was here
  write_number(mult_x[0], 180, multiplier[0], 0xff);
  ^~~~~~~~~~~~
'Finished building: ../src/helloworld.c'
' '
'Building file: ../src/audio.c'
'Invoking: MicroBlaze gcc compiler'
mb-gcc -Wall -O0 -g3 -c -fmessage-length=0 -MT"src/audio.o" -I../../microblaze_video_march_31_1_bsp/microblaze_0/include -mlittle-endian -mcpu=v11.0 -mxl-soft-mul -Wl,--no-relax -ffunction-sections -fdata-sections -MMD -MP -MF"src/audio.d" -MT"src/audio.o" -o "src/audio.o" "../src/audio.c"
../src/audio.c: In function 'fnAudioStartupConfig':
../src/audio.c:168:18: warning: variable 'uConfigurationVariable' set but not used [-Wunused-but-set-variable]
  union ubitField uConfigurationVariable;
                  ^~~~~~~~~~~~~~~~~~~~~~
'Finished building: ../src/audio.c'
' '
'Building file: ../src/demo.c'
'Invoking: MicroBlaze gcc compiler'
mb-gcc -Wall -O0 -g3 -c -fmessage-length=0 -MT"src/demo.o" -I../../microblaze_video_march_31_1_bsp/microblaze_0/include -mlittle-endian -mcpu=v11.0 -mxl-soft-mul -Wl,--no-relax -ffunction-sections -fdata-sections -MMD -MP -MF"src/demo.d" -MT"src/demo.o" -o "src/demo.o" "../src/demo.c"
'Finished building: ../src/demo.c'
' '
'Building file: ../src/iic.c'
'Invoking: MicroBlaze gcc compiler'
mb-gcc -Wall -O0 -g3 -c -fmessage-length=0 -MT"src/iic.o" -I../../microblaze_video_march_31_1_bsp/microblaze_0/include -mlittle-endian -mcpu=v11.0 -mxl-soft-mul -Wl,--no-relax -ffunction-sections -fdata-sections -MMD -MP -MF"src/iic.d" -MT"src/iic.o" -o "src/iic.o" "../src/iic.c"
'Finished building: ../src/iic.c'
' '
'Building target: microblaze_video_march_31_1.elf'
'Invoking: MicroBlaze gcc linker'
mb-gcc -Wl,-T -Wl,../src/lscript.ld -L../../microblaze_video_march_31_1_bsp/microblaze_0/lib -mlittle-endian -mcpu=v11.0 -mxl-soft-mul -Wl,--no-relax -Wl,--gc-sections -o "microblaze_video_march_31_1.elf"  ./src/audio.o ./src/demo.o ./src/helloworld.o ./src/iic.o ./src/platform.o   -Wl,--start-group,-lxil,-lgcc,-lc,--end-group
'Finished building target: microblaze_video_march_31_1.elf'
' '
'Invoking: MicroBlaze Print Size'
mb-size microblaze_video_march_31_1.elf  |tee "microblaze_video_march_31_1.elf.size"
   text	   data	    bss	    dec	    hex	filename
  42320	    352	   3208	  45880	   b338	microblaze_video_march_31_1.elf
'Finished building: microblaze_video_march_31_1.elf.size'
' '
21:59:09 **** Incremental Build of configuration Debug for project microblaze_video_march_31_1 ****
make all 
make: Nothing to be done for 'all'.
22:44:48 **** Clean-only build of project microblaze_video_2_bsp ****
make -k clean 
make -C microblaze_0/libsrc/bram_v4_2/src -s clean 
make -C microblaze_0/libsrc/cpu_v2_8/src -s clean 
make -C microblaze_0/libsrc/iic_v3_5/src -s clean 
make -C microblaze_0/libsrc/intc_v3_8/src -s clean 
make -C microblaze_0/libsrc/standalone_v6_8/src -s clean 
make -C microblaze_0/libsrc/uartlite_v3_2/src -s clean 
rm -f microblaze_0/lib/libxil.a
22:44:48 **** Clean-only build of project microblaze_video_4_bsp ****
make -k clean 
make -C microblaze_0/libsrc/bram_v4_2/src -s clean 
make -C microblaze_0/libsrc/cpu_v2_8/src -s clean 
make -C microblaze_0/libsrc/iic_v3_5/src -s clean 
make -C microblaze_0/libsrc/intc_v3_8/src -s clean 
make -C microblaze_0/libsrc/standalone_v6_8/src -s clean 
make -C microblaze_0/libsrc/uartlite_v3_2/src -s clean 
rm -f microblaze_0/lib/libxil.a
22:44:48 **** Clean-only build of project microblaze_video_march_31_1_bsp ****
make -k clean 
make -C microblaze_0/libsrc/bram_v4_2/src -s clean 
make -C microblaze_0/libsrc/cpu_v2_8/src -s clean 
make -C microblaze_0/libsrc/iic_v3_5/src -s clean 
make -C microblaze_0/libsrc/intc_v3_8/src -s clean 
make -C microblaze_0/libsrc/standalone_v6_8/src -s clean 
make -C microblaze_0/libsrc/uartlite_v3_2/src -s clean 
rm -f microblaze_0/lib/libxil.a
22:44:49 **** Clean-only build of configuration Debug for project microblaze_video_2 ****
make clean 
rm -rf  ./src/audio.o ./src/demo.o ./src/helloworld.o ./src/iic.o ./src/platform.o  ./src/audio.d ./src/demo.d ./src/helloworld.d ./src/iic.d ./src/platform.d  microblaze_video_2.elf.size  microblaze_video_2.elf
' '
22:44:49 **** Clean-only build of configuration Debug for project microblaze_video_4 ****
make clean 
rm -rf  ./src/audio.o ./src/demo.o ./src/helloworld.o ./src/iic.o ./src/platform.o  ./src/audio.d ./src/demo.d ./src/helloworld.d ./src/iic.d ./src/platform.d  microblaze_video_4.elf.size  microblaze_video_4.elf
' '
22:44:49 **** Clean-only build of configuration Debug for project microblaze_video_march_31_1 ****
make clean 
rm -rf  ./src/audio.o ./src/demo.o ./src/helloworld.o ./src/iic.o ./src/platform.o  ./src/audio.d ./src/demo.d ./src/helloworld.d ./src/iic.d ./src/platform.d  microblaze_video_march_31_1.elf.size  microblaze_video_march_31_1.elf
' '
22:44:50 **** Build of project microblaze_video_2_bsp ****
make -k all 
"Running Make include in microblaze_0/libsrc/bram_v4_2/src"
make -C microblaze_0/libsrc/bram_v4_2/src -s include  "SHELL=CMD" "COMPILER=mb-gcc" "ARCHIVER=mb-ar" "COMPILER_FLAGS=  -O2 -c -mcpu=v11.0 -mlittle-endian -mxl-soft-mul" "EXTRA_COMPILER_FLAGS=-ffunction-sections -fdata-sections -Wall -Wextra"
"Running Make include in microblaze_0/libsrc/cpu_v2_8/src"
make -C microblaze_0/libsrc/cpu_v2_8/src -s include  "SHELL=CMD" "COMPILER=mb-gcc" "ARCHIVER=mb-ar" "COMPILER_FLAGS=  -O2 -c -mcpu=v11.0 -mlittle-endian -mxl-soft-mul" "EXTRA_COMPILER_FLAGS=-ffunction-sections -fdata-sections -Wall -Wextra"
"Running Make include in microblaze_0/libsrc/iic_v3_5/src"
make -C microblaze_0/libsrc/iic_v3_5/src -s include  "SHELL=CMD" "COMPILER=mb-gcc" "ARCHIVER=mb-ar" "COMPILER_FLAGS=  -O2 -c -mcpu=v11.0 -mlittle-endian -mxl-soft-mul" "EXTRA_COMPILER_FLAGS=-ffunction-sections -fdata-sections -Wall -Wextra"
"Running Make include in microblaze_0/libsrc/intc_v3_8/src"
make -C microblaze_0/libsrc/intc_v3_8/src -s include  "SHELL=CMD" "COMPILER=mb-gcc" "ARCHIVER=mb-ar" "COMPILER_FLAGS=  -O2 -c -mcpu=v11.0 -mlittle-endian -mxl-soft-mul" "EXTRA_COMPILER_FLAGS=-ffunction-sections -fdata-sections -Wall -Wextra"
"Running Make include in microblaze_0/libsrc/standalone_v6_8/src"
make -C microblaze_0/libsrc/standalone_v6_8/src -s include  "SHELL=CMD" "COMPILER=mb-gcc" "ARCHIVER=mb-ar" "COMPILER_FLAGS=  -O2 -c -mcpu=v11.0 -mlittle-endian -mxl-soft-mul" "EXTRA_COMPILER_FLAGS=-ffunction-sections -fdata-sections -Wall -Wextra"
"Running Make include in microblaze_0/libsrc/uartlite_v3_2/src"
make -C microblaze_0/libsrc/uartlite_v3_2/src -s include  "SHELL=CMD" "COMPILER=mb-gcc" "ARCHIVER=mb-ar" "COMPILER_FLAGS=  -O2 -c -mcpu=v11.0 -mlittle-endian -mxl-soft-mul" "EXTRA_COMPILER_FLAGS=-ffunction-sections -fdata-sections -Wall -Wextra"
"Running Make libs in microblaze_0/libsrc/bram_v4_2/src"
make -C microblaze_0/libsrc/bram_v4_2/src -s libs  "SHELL=CMD" "COMPILER=mb-gcc" "ARCHIVER=mb-ar" "COMPILER_FLAGS=  -O2 -c -mcpu=v11.0 -mlittle-endian -mxl-soft-mul" "EXTRA_COMPILER_FLAGS=-ffunction-sections -fdata-sections -Wall -Wextra"
"Compiling bram"
mb-ar: creating ../../../lib/libxil.a
"Running Make libs in microblaze_0/libsrc/cpu_v2_8/src"
make -C microblaze_0/libsrc/cpu_v2_8/src -s libs  "SHELL=CMD" "COMPILER=mb-gcc" "ARCHIVER=mb-ar" "COMPILER_FLAGS=  -O2 -c -mcpu=v11.0 -mlittle-endian -mxl-soft-mul" "EXTRA_COMPILER_FLAGS=-ffunction-sections -fdata-sections -Wall -Wextra"
"Compiling cpu"
"Running Make libs in microblaze_0/libsrc/iic_v3_5/src"
make -C microblaze_0/libsrc/iic_v3_5/src -s libs  "SHELL=CMD" "COMPILER=mb-gcc" "ARCHIVER=mb-ar" "COMPILER_FLAGS=  -O2 -c -mcpu=v11.0 -mlittle-endian -mxl-soft-mul" "EXTRA_COMPILER_FLAGS=-ffunction-sections -fdata-sections -Wall -Wextra"
"Compiling iic"
"Running Make libs in microblaze_0/libsrc/intc_v3_8/src"
make -C microblaze_0/libsrc/intc_v3_8/src -s libs  "SHELL=CMD" "COMPILER=mb-gcc" "ARCHIVER=mb-ar" "COMPILER_FLAGS=  -O2 -c -mcpu=v11.0 -mlittle-endian -mxl-soft-mul" "EXTRA_COMPILER_FLAGS=-ffunction-sections -fdata-sections -Wall -Wextra"
"Compiling intc"
"Running Make libs in microblaze_0/libsrc/standalone_v6_8/src"
make -C microblaze_0/libsrc/standalone_v6_8/src -s libs  "SHELL=CMD" "COMPILER=mb-gcc" "ARCHIVER=mb-ar" "COMPILER_FLAGS=  -O2 -c -mcpu=v11.0 -mlittle-endian -mxl-soft-mul" "EXTRA_COMPILER_FLAGS=-ffunction-sections -fdata-sections -Wall -Wextra"
"Compiling standalone";
microblaze_sleep.c:77:9: note: #pragma message: For the sleep routines, assembly instructions are used
 #pragma message ("For the sleep routines, assembly instructions are used")
         ^~~~~~~
"Running Make libs in microblaze_0/libsrc/uartlite_v3_2/src"
make -C microblaze_0/libsrc/uartlite_v3_2/src -s libs  "SHELL=CMD" "COMPILER=mb-gcc" "ARCHIVER=mb-ar" "COMPILER_FLAGS=  -O2 -c -mcpu=v11.0 -mlittle-endian -mxl-soft-mul" "EXTRA_COMPILER_FLAGS=-ffunction-sections -fdata-sections -Wall -Wextra"
"Compiling uartlite"
'Finished building libraries'
22:44:56 **** Build of configuration Debug for project microblaze_video_2 ****
make all 
'Building file: ../src/audio.c'
'Invoking: MicroBlaze gcc compiler'
mb-gcc -Wall -O0 -g3 -c -fmessage-length=0 -MT"src/audio.o" -I../../microblaze_video_2_bsp/microblaze_0/include -mlittle-endian -mcpu=v11.0 -mxl-soft-mul -Wl,--no-relax -ffunction-sections -fdata-sections -MMD -MP -MF"src/audio.d" -MT"src/audio.o" -o "src/audio.o" "../src/audio.c"
../src/audio.c: In function 'fnAudioStartupConfig':
../src/audio.c:168:18: warning: variable 'uConfigurationVariable' set but not used [-Wunused-but-set-variable]
  union ubitField uConfigurationVariable;
                  ^~~~~~~~~~~~~~~~~~~~~~
'Finished building: ../src/audio.c'
' '
'Building file: ../src/demo.c'
'Invoking: MicroBlaze gcc compiler'
mb-gcc -Wall -O0 -g3 -c -fmessage-length=0 -MT"src/demo.o" -I../../microblaze_video_2_bsp/microblaze_0/include -mlittle-endian -mcpu=v11.0 -mxl-soft-mul -Wl,--no-relax -ffunction-sections -fdata-sections -MMD -MP -MF"src/demo.d" -MT"src/demo.o" -o "src/demo.o" "../src/demo.c"
'Finished building: ../src/demo.c'
' '
'Building file: ../src/helloworld.c'
'Invoking: MicroBlaze gcc compiler'
mb-gcc -Wall -O0 -g3 -c -fmessage-length=0 -MT"src/helloworld.o" -I../../microblaze_video_2_bsp/microblaze_0/include -mlittle-endian -mcpu=v11.0 -mxl-soft-mul -Wl,--no-relax -ffunction-sections -fdata-sections -MMD -MP -MF"src/helloworld.d" -MT"src/helloworld.o" -o "src/helloworld.o" "../src/helloworld.c"
../src/helloworld.c: In function 'main':
../src/helloworld.c:76:2: warning: implicit declaration of function 'draw_line'; did you mean 'draw_pixel'? [-Wimplicit-function-declaration]
  draw_line(mult_x[mult_option], 210, 0xff);
  ^~~~~~~~~
  draw_pixel
../src/helloworld.c:77:2: warning: implicit declaration of function 'write_number'; did you mean 'is_number'? [-Wimplicit-function-declaration]
  write_number(mult_x[0], 180, multiplier[0], 0xff);
  ^~~~~~~~~~~~
  is_number
../src/helloworld.c:84:2: warning: implicit declaration of function 'write_ON'; did you mean 'write_O'? [-Wimplicit-function-declaration]
  write_ON();
  ^~~~~~~~
  write_O
../src/helloworld.c:296:6: warning: implicit declaration of function 'write_OFF'; did you mean 'write_O'? [-Wimplicit-function-declaration]
      write_OFF();
      ^~~~~~~~~
      write_O
../src/helloworld.c:112:7: warning: unused variable 'print_bin' [-Wunused-variable]
   int print_bin = 5;
       ^~~~~~~~~
../src/helloworld.c:73:6: warning: unused variable 'previous_mult' [-Wunused-variable]
  int previous_mult = 0;
      ^~~~~~~~~~~~~
../src/helloworld.c:70:6: warning: unused variable 'previous_multiplier' [-Wunused-variable]
  int previous_multiplier[3] = {0, 0, 0};
      ^~~~~~~~~~~~~~~~~~~
../src/helloworld.c:55:6: warning: variable 'bins' set but not used [-Wunused-but-set-variable]
  u32 bins[10] = {};
      ^~~~
../src/helloworld.c:34:15: warning: unused variable 'mic_bit' [-Wunused-variable]
  unsigned int mic_bit;
               ^~~~~~~
../src/helloworld.c: In function 'is_number':
../src/helloworld.c:569:5: warning: type of 'x' defaults to 'int' [-Wimplicit-int]
 int is_number(x)
     ^~~~~~~~~
../src/helloworld.c: At top level:
../src/helloworld.c:577:6: warning: conflicting types for 'write_ON'
 void write_ON()
      ^~~~~~~~
../src/helloworld.c:84:2: note: previous implicit declaration of 'write_ON' was here
  write_ON();
  ^~~~~~~~
../src/helloworld.c:603:6: warning: conflicting types for 'write_OFF'
 void write_OFF()
      ^~~~~~~~~
../src/helloworld.c:296:6: note: previous implicit declaration of 'write_OFF' was here
      write_OFF();
      ^~~~~~~~~
../src/helloworld.c:630:6: warning: conflicting types for 'draw_line'
 void draw_line(int start_x, int start_y, int color)
      ^~~~~~~~~
../src/helloworld.c:76:2: note: previous implicit declaration of 'draw_line' was here
  draw_line(mult_x[mult_option], 210, 0xff);
  ^~~~~~~~~
../src/helloworld.c:929:6: warning: conflicting types for 'write_number'
 void write_number(int start_x, int start_y, int number, int color)
      ^~~~~~~~~~~~
../src/helloworld.c:77:2: note: previous implicit declaration of 'write_number' was here
  write_number(mult_x[0], 180, multiplier[0], 0xff);
  ^~~~~~~~~~~~
'Finished building: ../src/helloworld.c'
' '
'Building file: ../src/iic.c'
'Invoking: MicroBlaze gcc compiler'
mb-gcc -Wall -O0 -g3 -c -fmessage-length=0 -MT"src/iic.o" -I../../microblaze_video_2_bsp/microblaze_0/include -mlittle-endian -mcpu=v11.0 -mxl-soft-mul -Wl,--no-relax -ffunction-sections -fdata-sections -MMD -MP -MF"src/iic.d" -MT"src/iic.o" -o "src/iic.o" "../src/iic.c"
'Finished building: ../src/iic.c'
' '
'Building file: ../src/platform.c'
'Invoking: MicroBlaze gcc compiler'
mb-gcc -Wall -O0 -g3 -c -fmessage-length=0 -MT"src/platform.o" -I../../microblaze_video_2_bsp/microblaze_0/include -mlittle-endian -mcpu=v11.0 -mxl-soft-mul -Wl,--no-relax -ffunction-sections -fdata-sections -MMD -MP -MF"src/platform.d" -MT"src/platform.o" -o "src/platform.o" "../src/platform.c"
'Finished building: ../src/platform.c'
' '
'Building target: microblaze_video_2.elf'
'Invoking: MicroBlaze gcc linker'
mb-gcc -Wl,-T -Wl,../src/lscript.ld -L../../microblaze_video_2_bsp/microblaze_0/lib -mlittle-endian -mcpu=v11.0 -mxl-soft-mul -Wl,--no-relax -Wl,--gc-sections -o "microblaze_video_2.elf"  ./src/audio.o ./src/demo.o ./src/helloworld.o ./src/iic.o ./src/platform.o   -Wl,--start-group,-lxil,-lgcc,-lc,--end-group
'Finished building target: microblaze_video_2.elf'
' '
'Invoking: MicroBlaze Print Size'
mb-size microblaze_video_2.elf  |tee "microblaze_video_2.elf.size"
   text	   data	    bss	    dec	    hex	filename
  38112	    352	   3208	  41672	   a2c8	microblaze_video_2.elf
'Finished building: microblaze_video_2.elf.size'
' '
22:44:58 **** Build of project microblaze_video_4_bsp ****
make -k all 
"Running Make include in microblaze_0/libsrc/bram_v4_2/src"
make -C microblaze_0/libsrc/bram_v4_2/src -s include  "SHELL=CMD" "COMPILER=mb-gcc" "ARCHIVER=mb-ar" "COMPILER_FLAGS=  -O2 -c -mcpu=v11.0 -mlittle-endian -mxl-soft-mul" "EXTRA_COMPILER_FLAGS=-ffunction-sections -fdata-sections -Wall -Wextra"
"Running Make include in microblaze_0/libsrc/cpu_v2_8/src"
make -C microblaze_0/libsrc/cpu_v2_8/src -s include  "SHELL=CMD" "COMPILER=mb-gcc" "ARCHIVER=mb-ar" "COMPILER_FLAGS=  -O2 -c -mcpu=v11.0 -mlittle-endian -mxl-soft-mul" "EXTRA_COMPILER_FLAGS=-ffunction-sections -fdata-sections -Wall -Wextra"
"Running Make include in microblaze_0/libsrc/iic_v3_5/src"
make -C microblaze_0/libsrc/iic_v3_5/src -s include  "SHELL=CMD" "COMPILER=mb-gcc" "ARCHIVER=mb-ar" "COMPILER_FLAGS=  -O2 -c -mcpu=v11.0 -mlittle-endian -mxl-soft-mul" "EXTRA_COMPILER_FLAGS=-ffunction-sections -fdata-sections -Wall -Wextra"
"Running Make include in microblaze_0/libsrc/intc_v3_8/src"
make -C microblaze_0/libsrc/intc_v3_8/src -s include  "SHELL=CMD" "COMPILER=mb-gcc" "ARCHIVER=mb-ar" "COMPILER_FLAGS=  -O2 -c -mcpu=v11.0 -mlittle-endian -mxl-soft-mul" "EXTRA_COMPILER_FLAGS=-ffunction-sections -fdata-sections -Wall -Wextra"
"Running Make include in microblaze_0/libsrc/standalone_v6_8/src"
make -C microblaze_0/libsrc/standalone_v6_8/src -s include  "SHELL=CMD" "COMPILER=mb-gcc" "ARCHIVER=mb-ar" "COMPILER_FLAGS=  -O2 -c -mcpu=v11.0 -mlittle-endian -mxl-soft-mul" "EXTRA_COMPILER_FLAGS=-ffunction-sections -fdata-sections -Wall -Wextra"
"Running Make include in microblaze_0/libsrc/uartlite_v3_2/src"
make -C microblaze_0/libsrc/uartlite_v3_2/src -s include  "SHELL=CMD" "COMPILER=mb-gcc" "ARCHIVER=mb-ar" "COMPILER_FLAGS=  -O2 -c -mcpu=v11.0 -mlittle-endian -mxl-soft-mul" "EXTRA_COMPILER_FLAGS=-ffunction-sections -fdata-sections -Wall -Wextra"
"Running Make libs in microblaze_0/libsrc/bram_v4_2/src"
make -C microblaze_0/libsrc/bram_v4_2/src -s libs  "SHELL=CMD" "COMPILER=mb-gcc" "ARCHIVER=mb-ar" "COMPILER_FLAGS=  -O2 -c -mcpu=v11.0 -mlittle-endian -mxl-soft-mul" "EXTRA_COMPILER_FLAGS=-ffunction-sections -fdata-sections -Wall -Wextra"
"Compiling bram"
mb-ar: creating ../../../lib/libxil.a
"Running Make libs in microblaze_0/libsrc/cpu_v2_8/src"
make -C microblaze_0/libsrc/cpu_v2_8/src -s libs  "SHELL=CMD" "COMPILER=mb-gcc" "ARCHIVER=mb-ar" "COMPILER_FLAGS=  -O2 -c -mcpu=v11.0 -mlittle-endian -mxl-soft-mul" "EXTRA_COMPILER_FLAGS=-ffunction-sections -fdata-sections -Wall -Wextra"
"Compiling cpu"
"Running Make libs in microblaze_0/libsrc/iic_v3_5/src"
make -C microblaze_0/libsrc/iic_v3_5/src -s libs  "SHELL=CMD" "COMPILER=mb-gcc" "ARCHIVER=mb-ar" "COMPILER_FLAGS=  -O2 -c -mcpu=v11.0 -mlittle-endian -mxl-soft-mul" "EXTRA_COMPILER_FLAGS=-ffunction-sections -fdata-sections -Wall -Wextra"
"Compiling iic"
"Running Make libs in microblaze_0/libsrc/intc_v3_8/src"
make -C microblaze_0/libsrc/intc_v3_8/src -s libs  "SHELL=CMD" "COMPILER=mb-gcc" "ARCHIVER=mb-ar" "COMPILER_FLAGS=  -O2 -c -mcpu=v11.0 -mlittle-endian -mxl-soft-mul" "EXTRA_COMPILER_FLAGS=-ffunction-sections -fdata-sections -Wall -Wextra"
"Compiling intc"
"Running Make libs in microblaze_0/libsrc/standalone_v6_8/src"
make -C microblaze_0/libsrc/standalone_v6_8/src -s libs  "SHELL=CMD" "COMPILER=mb-gcc" "ARCHIVER=mb-ar" "COMPILER_FLAGS=  -O2 -c -mcpu=v11.0 -mlittle-endian -mxl-soft-mul" "EXTRA_COMPILER_FLAGS=-ffunction-sections -fdata-sections -Wall -Wextra"
"Compiling standalone";
microblaze_sleep.c:77:9: note: #pragma message: For the sleep routines, assembly instructions are used
 #pragma message ("For the sleep routines, assembly instructions are used")
         ^~~~~~~
"Running Make libs in microblaze_0/libsrc/uartlite_v3_2/src"
make -C microblaze_0/libsrc/uartlite_v3_2/src -s libs  "SHELL=CMD" "COMPILER=mb-gcc" "ARCHIVER=mb-ar" "COMPILER_FLAGS=  -O2 -c -mcpu=v11.0 -mlittle-endian -mxl-soft-mul" "EXTRA_COMPILER_FLAGS=-ffunction-sections -fdata-sections -Wall -Wextra"
"Compiling uartlite"
'Finished building libraries'
22:45:03 **** Build of configuration Debug for project microblaze_video_4 ****
make all 
'Building file: ../src/audio.c'
'Invoking: MicroBlaze gcc compiler'
mb-gcc -Wall -O0 -g3 -c -fmessage-length=0 -MT"src/audio.o" -I../../microblaze_video_4_bsp/microblaze_0/include -mlittle-endian -mcpu=v11.0 -mxl-soft-mul -Wl,--no-relax -ffunction-sections -fdata-sections -MMD -MP -MF"src/audio.d" -MT"src/audio.o" -o "src/audio.o" "../src/audio.c"
../src/audio.c: In function 'fnAudioStartupConfig':
../src/audio.c:168:18: warning: variable 'uConfigurationVariable' set but not used [-Wunused-but-set-variable]
  union ubitField uConfigurationVariable;
                  ^~~~~~~~~~~~~~~~~~~~~~
'Finished building: ../src/audio.c'
' '
'Building file: ../src/demo.c'
'Invoking: MicroBlaze gcc compiler'
mb-gcc -Wall -O0 -g3 -c -fmessage-length=0 -MT"src/demo.o" -I../../microblaze_video_4_bsp/microblaze_0/include -mlittle-endian -mcpu=v11.0 -mxl-soft-mul -Wl,--no-relax -ffunction-sections -fdata-sections -MMD -MP -MF"src/demo.d" -MT"src/demo.o" -o "src/demo.o" "../src/demo.c"
'Finished building: ../src/demo.c'
' '
'Building file: ../src/helloworld.c'
'Invoking: MicroBlaze gcc compiler'
mb-gcc -Wall -O0 -g3 -c -fmessage-length=0 -MT"src/helloworld.o" -I../../microblaze_video_4_bsp/microblaze_0/include -mlittle-endian -mcpu=v11.0 -mxl-soft-mul -Wl,--no-relax -ffunction-sections -fdata-sections -MMD -MP -MF"src/helloworld.d" -MT"src/helloworld.o" -o "src/helloworld.o" "../src/helloworld.c"
../src/helloworld.c: In function 'main':
../src/helloworld.c:89:2: warning: implicit declaration of function 'draw_line'; did you mean 'draw_pixel'? [-Wimplicit-function-declaration]
  draw_line(mult_x[mult_option], 210, 0xff);
  ^~~~~~~~~
  draw_pixel
../src/helloworld.c:90:2: warning: implicit declaration of function 'write_number'; did you mean 'is_number'? [-Wimplicit-function-declaration]
  write_number(mult_x[0], 180, multiplier[0], 0xff);
  ^~~~~~~~~~~~
  is_number
../src/helloworld.c:97:2: warning: implicit declaration of function 'write_ON'; did you mean 'write_O'? [-Wimplicit-function-declaration]
  write_ON();
  ^~~~~~~~
  write_O
../src/helloworld.c:123:2: warning: implicit declaration of function 'init_WindowEnable' [-Wimplicit-function-declaration]
  init_WindowEnable();
  ^~~~~~~~~~~~~~~~~
../src/helloworld.c:358:9: warning: unused variable 'huh' [-Wunused-variable]
     int huh = test[508];
         ^~~
../src/helloworld.c:422:6: warning: implicit declaration of function 'write_OFF'; did you mean 'write_O'? [-Wimplicit-function-declaration]
      write_OFF();
      ^~~~~~~~~
      write_O
../src/helloworld.c:146:7: warning: unused variable 'print_bin' [-Wunused-variable]
   int print_bin = 6;
       ^~~~~~~~~
../src/helloworld.c:112:6: warning: unused variable 'previous_windowVal' [-Wunused-variable]
  int previous_windowVal = 1;
      ^~~~~~~~~~~~~~~~~~
../src/helloworld.c:86:6: warning: unused variable 'previous_mult' [-Wunused-variable]
  int previous_mult = 0;
      ^~~~~~~~~~~~~
../src/helloworld.c:83:6: warning: unused variable 'previous_multiplier' [-Wunused-variable]
  int previous_multiplier[3] = {0, 0, 0};
      ^~~~~~~~~~~~~~~~~~~
../src/helloworld.c:68:6: warning: variable 'bins' set but not used [-Wunused-but-set-variable]
  u32 bins[10] = {};
      ^~~~
../src/helloworld.c:61:6: warning: unused variable 'v_color' [-Wunused-variable]
  int v_color;
      ^~~~~~~
../src/helloworld.c:60:6: warning: unused variable 'v_start_y' [-Wunused-variable]
  int v_start_y;
      ^~~~~~~~~
../src/helloworld.c:59:6: warning: unused variable 'v_start_x' [-Wunused-variable]
  int v_start_x;
      ^~~~~~~~~
../src/helloworld.c:34:15: warning: unused variable 'mic_bit' [-Wunused-variable]
  unsigned int mic_bit;
               ^~~~~~~
../src/helloworld.c: At top level:
../src/helloworld.c:794:6: warning: conflicting types for 'init_WindowEnable'
 void init_WindowEnable()
      ^~~~~~~~~~~~~~~~~
../src/helloworld.c:123:2: note: previous implicit declaration of 'init_WindowEnable' was here
  init_WindowEnable();
  ^~~~~~~~~~~~~~~~~
../src/helloworld.c: In function 'is_number':
../src/helloworld.c:816:5: warning: type of 'x' defaults to 'int' [-Wimplicit-int]
 int is_number(x)
     ^~~~~~~~~
../src/helloworld.c: At top level:
../src/helloworld.c:824:6: warning: conflicting types for 'write_ON'
 void write_ON()
      ^~~~~~~~
../src/helloworld.c:97:2: note: previous implicit declaration of 'write_ON' was here
  write_ON();
  ^~~~~~~~
../src/helloworld.c:851:6: warning: conflicting types for 'write_OFF'
 void write_OFF()
      ^~~~~~~~~
../src/helloworld.c:422:6: note: previous implicit declaration of 'write_OFF' was here
      write_OFF();
      ^~~~~~~~~
../src/helloworld.c:880:6: warning: conflicting types for 'draw_line'
 void draw_line(int start_x, int start_y, int color)
      ^~~~~~~~~
../src/helloworld.c:89:2: note: previous implicit declaration of 'draw_line' was here
  draw_line(mult_x[mult_option], 210, 0xff);
  ^~~~~~~~~
../src/helloworld.c:1187:6: warning: conflicting types for 'write_number'
 void write_number(int start_x, int start_y, int number, int color)
      ^~~~~~~~~~~~
../src/helloworld.c:90:2: note: previous implicit declaration of 'write_number' was here
  write_number(mult_x[0], 180, multiplier[0], 0xff);
  ^~~~~~~~~~~~
'Finished building: ../src/helloworld.c'
' '
'Building file: ../src/iic.c'
'Invoking: MicroBlaze gcc compiler'
mb-gcc -Wall -O0 -g3 -c -fmessage-length=0 -MT"src/iic.o" -I../../microblaze_video_4_bsp/microblaze_0/include -mlittle-endian -mcpu=v11.0 -mxl-soft-mul -Wl,--no-relax -ffunction-sections -fdata-sections -MMD -MP -MF"src/iic.d" -MT"src/iic.o" -o "src/iic.o" "../src/iic.c"
'Finished building: ../src/iic.c'
' '
'Building file: ../src/platform.c'
'Invoking: MicroBlaze gcc compiler'
mb-gcc -Wall -O0 -g3 -c -fmessage-length=0 -MT"src/platform.o" -I../../microblaze_video_4_bsp/microblaze_0/include -mlittle-endian -mcpu=v11.0 -mxl-soft-mul -Wl,--no-relax -ffunction-sections -fdata-sections -MMD -MP -MF"src/platform.d" -MT"src/platform.o" -o "src/platform.o" "../src/platform.c"
'Finished building: ../src/platform.c'
' '
'Building target: microblaze_video_4.elf'
'Invoking: MicroBlaze gcc linker'
mb-gcc -Wl,-T -Wl,../src/lscript.ld -L../../microblaze_video_4_bsp/microblaze_0/lib -mlittle-endian -mcpu=v11.0 -mxl-soft-mul -Wl,--no-relax -Wl,--gc-sections -o "microblaze_video_4.elf"  ./src/audio.o ./src/demo.o ./src/helloworld.o ./src/iic.o ./src/platform.o   -Wl,--start-group,-lxil,-lgcc,-lc,--end-group
'Finished building target: microblaze_video_4.elf'
' '
'Invoking: MicroBlaze Print Size'
mb-size microblaze_video_4.elf  |tee "microblaze_video_4.elf.size"
   text	   data	    bss	    dec	    hex	filename
  42320	    352	   3208	  45880	   b338	microblaze_video_4.elf
'Finished building: microblaze_video_4.elf.size'
' '
22:45:05 **** Build of project microblaze_video_march_31_1_bsp ****
make -k all 
"Running Make include in microblaze_0/libsrc/bram_v4_2/src"
make -C microblaze_0/libsrc/bram_v4_2/src -s include  "SHELL=CMD" "COMPILER=mb-gcc" "ARCHIVER=mb-ar" "COMPILER_FLAGS=  -O2 -c -mcpu=v11.0 -mlittle-endian -mxl-soft-mul" "EXTRA_COMPILER_FLAGS=-ffunction-sections -fdata-sections -Wall -Wextra"
"Running Make include in microblaze_0/libsrc/cpu_v2_8/src"
make -C microblaze_0/libsrc/cpu_v2_8/src -s include  "SHELL=CMD" "COMPILER=mb-gcc" "ARCHIVER=mb-ar" "COMPILER_FLAGS=  -O2 -c -mcpu=v11.0 -mlittle-endian -mxl-soft-mul" "EXTRA_COMPILER_FLAGS=-ffunction-sections -fdata-sections -Wall -Wextra"
"Running Make include in microblaze_0/libsrc/iic_v3_5/src"
make -C microblaze_0/libsrc/iic_v3_5/src -s include  "SHELL=CMD" "COMPILER=mb-gcc" "ARCHIVER=mb-ar" "COMPILER_FLAGS=  -O2 -c -mcpu=v11.0 -mlittle-endian -mxl-soft-mul" "EXTRA_COMPILER_FLAGS=-ffunction-sections -fdata-sections -Wall -Wextra"
"Running Make include in microblaze_0/libsrc/intc_v3_8/src"
make -C microblaze_0/libsrc/intc_v3_8/src -s include  "SHELL=CMD" "COMPILER=mb-gcc" "ARCHIVER=mb-ar" "COMPILER_FLAGS=  -O2 -c -mcpu=v11.0 -mlittle-endian -mxl-soft-mul" "EXTRA_COMPILER_FLAGS=-ffunction-sections -fdata-sections -Wall -Wextra"
"Running Make include in microblaze_0/libsrc/standalone_v6_8/src"
make -C microblaze_0/libsrc/standalone_v6_8/src -s include  "SHELL=CMD" "COMPILER=mb-gcc" "ARCHIVER=mb-ar" "COMPILER_FLAGS=  -O2 -c -mcpu=v11.0 -mlittle-endian -mxl-soft-mul" "EXTRA_COMPILER_FLAGS=-ffunction-sections -fdata-sections -Wall -Wextra"
"Running Make include in microblaze_0/libsrc/uartlite_v3_2/src"
make -C microblaze_0/libsrc/uartlite_v3_2/src -s include  "SHELL=CMD" "COMPILER=mb-gcc" "ARCHIVER=mb-ar" "COMPILER_FLAGS=  -O2 -c -mcpu=v11.0 -mlittle-endian -mxl-soft-mul" "EXTRA_COMPILER_FLAGS=-ffunction-sections -fdata-sections -Wall -Wextra"
"Running Make libs in microblaze_0/libsrc/bram_v4_2/src"
make -C microblaze_0/libsrc/bram_v4_2/src -s libs  "SHELL=CMD" "COMPILER=mb-gcc" "ARCHIVER=mb-ar" "COMPILER_FLAGS=  -O2 -c -mcpu=v11.0 -mlittle-endian -mxl-soft-mul" "EXTRA_COMPILER_FLAGS=-ffunction-sections -fdata-sections -Wall -Wextra"
"Compiling bram"
mb-ar: creating ../../../lib/libxil.a
"Running Make libs in microblaze_0/libsrc/cpu_v2_8/src"
make -C microblaze_0/libsrc/cpu_v2_8/src -s libs  "SHELL=CMD" "COMPILER=mb-gcc" "ARCHIVER=mb-ar" "COMPILER_FLAGS=  -O2 -c -mcpu=v11.0 -mlittle-endian -mxl-soft-mul" "EXTRA_COMPILER_FLAGS=-ffunction-sections -fdata-sections -Wall -Wextra"
"Compiling cpu"
"Running Make libs in microblaze_0/libsrc/iic_v3_5/src"
make -C microblaze_0/libsrc/iic_v3_5/src -s libs  "SHELL=CMD" "COMPILER=mb-gcc" "ARCHIVER=mb-ar" "COMPILER_FLAGS=  -O2 -c -mcpu=v11.0 -mlittle-endian -mxl-soft-mul" "EXTRA_COMPILER_FLAGS=-ffunction-sections -fdata-sections -Wall -Wextra"
"Compiling iic"
"Running Make libs in microblaze_0/libsrc/intc_v3_8/src"
make -C microblaze_0/libsrc/intc_v3_8/src -s libs  "SHELL=CMD" "COMPILER=mb-gcc" "ARCHIVER=mb-ar" "COMPILER_FLAGS=  -O2 -c -mcpu=v11.0 -mlittle-endian -mxl-soft-mul" "EXTRA_COMPILER_FLAGS=-ffunction-sections -fdata-sections -Wall -Wextra"
"Compiling intc"
"Running Make libs in microblaze_0/libsrc/standalone_v6_8/src"
make -C microblaze_0/libsrc/standalone_v6_8/src -s libs  "SHELL=CMD" "COMPILER=mb-gcc" "ARCHIVER=mb-ar" "COMPILER_FLAGS=  -O2 -c -mcpu=v11.0 -mlittle-endian -mxl-soft-mul" "EXTRA_COMPILER_FLAGS=-ffunction-sections -fdata-sections -Wall -Wextra"
"Compiling standalone";
microblaze_sleep.c:77:9: note: #pragma message: For the sleep routines, assembly instructions are used
 #pragma message ("For the sleep routines, assembly instructions are used")
         ^~~~~~~
"Running Make libs in microblaze_0/libsrc/uartlite_v3_2/src"
make -C microblaze_0/libsrc/uartlite_v3_2/src -s libs  "SHELL=CMD" "COMPILER=mb-gcc" "ARCHIVER=mb-ar" "COMPILER_FLAGS=  -O2 -c -mcpu=v11.0 -mlittle-endian -mxl-soft-mul" "EXTRA_COMPILER_FLAGS=-ffunction-sections -fdata-sections -Wall -Wextra"
"Compiling uartlite"
'Finished building libraries'
22:45:10 **** Build of configuration Debug for project microblaze_video_march_31_1 ****
make all 
'Building file: ../src/audio.c'
'Invoking: MicroBlaze gcc compiler'
mb-gcc -Wall -O0 -g3 -c -fmessage-length=0 -MT"src/audio.o" -I../../microblaze_video_march_31_1_bsp/microblaze_0/include -mlittle-endian -mcpu=v11.0 -mxl-soft-mul -Wl,--no-relax -ffunction-sections -fdata-sections -MMD -MP -MF"src/audio.d" -MT"src/audio.o" -o "src/audio.o" "../src/audio.c"
../src/audio.c: In function 'fnAudioStartupConfig':
../src/audio.c:168:18: warning: variable 'uConfigurationVariable' set but not used [-Wunused-but-set-variable]
  union ubitField uConfigurationVariable;
                  ^~~~~~~~~~~~~~~~~~~~~~
'Finished building: ../src/audio.c'
' '
'Building file: ../src/demo.c'
'Invoking: MicroBlaze gcc compiler'
mb-gcc -Wall -O0 -g3 -c -fmessage-length=0 -MT"src/demo.o" -I../../microblaze_video_march_31_1_bsp/microblaze_0/include -mlittle-endian -mcpu=v11.0 -mxl-soft-mul -Wl,--no-relax -ffunction-sections -fdata-sections -MMD -MP -MF"src/demo.d" -MT"src/demo.o" -o "src/demo.o" "../src/demo.c"
'Finished building: ../src/demo.c'
' '
'Building file: ../src/helloworld.c'
'Invoking: MicroBlaze gcc compiler'
mb-gcc -Wall -O0 -g3 -c -fmessage-length=0 -MT"src/helloworld.o" -I../../microblaze_video_march_31_1_bsp/microblaze_0/include -mlittle-endian -mcpu=v11.0 -mxl-soft-mul -Wl,--no-relax -ffunction-sections -fdata-sections -MMD -MP -MF"src/helloworld.d" -MT"src/helloworld.o" -o "src/helloworld.o" "../src/helloworld.c"
../src/helloworld.c: In function 'main':
../src/helloworld.c:89:2: warning: implicit declaration of function 'draw_line'; did you mean 'draw_pixel'? [-Wimplicit-function-declaration]
  draw_line(mult_x[mult_option], 210, 0xff);
  ^~~~~~~~~
  draw_pixel
../src/helloworld.c:90:2: warning: implicit declaration of function 'write_number'; did you mean 'is_number'? [-Wimplicit-function-declaration]
  write_number(mult_x[0], 180, multiplier[0], 0xff);
  ^~~~~~~~~~~~
  is_number
../src/helloworld.c:97:2: warning: implicit declaration of function 'write_ON'; did you mean 'write_O'? [-Wimplicit-function-declaration]
  write_ON();
  ^~~~~~~~
  write_O
../src/helloworld.c:123:2: warning: implicit declaration of function 'init_WindowEnable' [-Wimplicit-function-declaration]
  init_WindowEnable();
  ^~~~~~~~~~~~~~~~~
../src/helloworld.c:358:9: warning: unused variable 'huh' [-Wunused-variable]
     int huh = test[508];
         ^~~
../src/helloworld.c:422:6: warning: implicit declaration of function 'write_OFF'; did you mean 'write_O'? [-Wimplicit-function-declaration]
      write_OFF();
      ^~~~~~~~~
      write_O
../src/helloworld.c:146:7: warning: unused variable 'print_bin' [-Wunused-variable]
   int print_bin = 6;
       ^~~~~~~~~
../src/helloworld.c:112:6: warning: unused variable 'previous_windowVal' [-Wunused-variable]
  int previous_windowVal = 1;
      ^~~~~~~~~~~~~~~~~~
../src/helloworld.c:86:6: warning: unused variable 'previous_mult' [-Wunused-variable]
  int previous_mult = 0;
      ^~~~~~~~~~~~~
../src/helloworld.c:83:6: warning: unused variable 'previous_multiplier' [-Wunused-variable]
  int previous_multiplier[3] = {0, 0, 0};
      ^~~~~~~~~~~~~~~~~~~
../src/helloworld.c:68:6: warning: variable 'bins' set but not used [-Wunused-but-set-variable]
  u32 bins[10] = {};
      ^~~~
../src/helloworld.c:61:6: warning: unused variable 'v_color' [-Wunused-variable]
  int v_color;
      ^~~~~~~
../src/helloworld.c:60:6: warning: unused variable 'v_start_y' [-Wunused-variable]
  int v_start_y;
      ^~~~~~~~~
../src/helloworld.c:59:6: warning: unused variable 'v_start_x' [-Wunused-variable]
  int v_start_x;
      ^~~~~~~~~
../src/helloworld.c:34:15: warning: unused variable 'mic_bit' [-Wunused-variable]
  unsigned int mic_bit;
               ^~~~~~~
../src/helloworld.c: At top level:
../src/helloworld.c:794:6: warning: conflicting types for 'init_WindowEnable'
 void init_WindowEnable()
      ^~~~~~~~~~~~~~~~~
../src/helloworld.c:123:2: note: previous implicit declaration of 'init_WindowEnable' was here
  init_WindowEnable();
  ^~~~~~~~~~~~~~~~~
../src/helloworld.c: In function 'is_number':
../src/helloworld.c:816:5: warning: type of 'x' defaults to 'int' [-Wimplicit-int]
 int is_number(x)
     ^~~~~~~~~
../src/helloworld.c: At top level:
../src/helloworld.c:824:6: warning: conflicting types for 'write_ON'
 void write_ON()
      ^~~~~~~~
../src/helloworld.c:97:2: note: previous implicit declaration of 'write_ON' was here
  write_ON();
  ^~~~~~~~
../src/helloworld.c:851:6: warning: conflicting types for 'write_OFF'
 void write_OFF()
      ^~~~~~~~~
../src/helloworld.c:422:6: note: previous implicit declaration of 'write_OFF' was here
      write_OFF();
      ^~~~~~~~~
../src/helloworld.c:880:6: warning: conflicting types for 'draw_line'
 void draw_line(int start_x, int start_y, int color)
      ^~~~~~~~~
../src/helloworld.c:89:2: note: previous implicit declaration of 'draw_line' was here
  draw_line(mult_x[mult_option], 210, 0xff);
  ^~~~~~~~~
../src/helloworld.c:1187:6: warning: conflicting types for 'write_number'
 void write_number(int start_x, int start_y, int number, int color)
      ^~~~~~~~~~~~
../src/helloworld.c:90:2: note: previous implicit declaration of 'write_number' was here
  write_number(mult_x[0], 180, multiplier[0], 0xff);
  ^~~~~~~~~~~~
'Finished building: ../src/helloworld.c'
' '
'Building file: ../src/iic.c'
'Invoking: MicroBlaze gcc compiler'
mb-gcc -Wall -O0 -g3 -c -fmessage-length=0 -MT"src/iic.o" -I../../microblaze_video_march_31_1_bsp/microblaze_0/include -mlittle-endian -mcpu=v11.0 -mxl-soft-mul -Wl,--no-relax -ffunction-sections -fdata-sections -MMD -MP -MF"src/iic.d" -MT"src/iic.o" -o "src/iic.o" "../src/iic.c"
'Finished building: ../src/iic.c'
' '
'Building file: ../src/platform.c'
'Invoking: MicroBlaze gcc compiler'
mb-gcc -Wall -O0 -g3 -c -fmessage-length=0 -MT"src/platform.o" -I../../microblaze_video_march_31_1_bsp/microblaze_0/include -mlittle-endian -mcpu=v11.0 -mxl-soft-mul -Wl,--no-relax -ffunction-sections -fdata-sections -MMD -MP -MF"src/platform.d" -MT"src/platform.o" -o "src/platform.o" "../src/platform.c"
'Finished building: ../src/platform.c'
' '
'Building target: microblaze_video_march_31_1.elf'
'Invoking: MicroBlaze gcc linker'
mb-gcc -Wl,-T -Wl,../src/lscript.ld -L../../microblaze_video_march_31_1_bsp/microblaze_0/lib -mlittle-endian -mcpu=v11.0 -mxl-soft-mul -Wl,--no-relax -Wl,--gc-sections -o "microblaze_video_march_31_1.elf"  ./src/audio.o ./src/demo.o ./src/helloworld.o ./src/iic.o ./src/platform.o   -Wl,--start-group,-lxil,-lgcc,-lc,--end-group
'Finished building target: microblaze_video_march_31_1.elf'
' '
'Invoking: MicroBlaze Print Size'
mb-size microblaze_video_march_31_1.elf  |tee "microblaze_video_march_31_1.elf.size"
   text	   data	    bss	    dec	    hex	filename
  42320	    352	   3208	  45880	   b338	microblaze_video_march_31_1.elf
'Finished building: microblaze_video_march_31_1.elf.size'
' '
22:48:19 **** Auto Build of configuration Debug for project microblaze_video_march_31_1 ****
make all 
'Building file: ../src/helloworld.c'
'Invoking: MicroBlaze gcc compiler'
mb-gcc -Wall -O0 -g3 -c -fmessage-length=0 -MT"src/helloworld.o" -I../../microblaze_video_march_31_1_bsp/microblaze_0/include -mlittle-endian -mcpu=v11.0 -mxl-soft-mul -Wl,--no-relax -ffunction-sections -fdata-sections -MMD -MP -MF"src/helloworld.d" -MT"src/helloworld.o" -o "src/helloworld.o" "../src/helloworld.c"
../src/helloworld.c: In function 'main':
../src/helloworld.c:89:2: warning: implicit declaration of function 'draw_line'; did you mean 'draw_pixel'? [-Wimplicit-function-declaration]
  draw_line(mult_x[mult_option], 210, 0xff);
  ^~~~~~~~~
  draw_pixel
../src/helloworld.c:90:2: warning: implicit declaration of function 'write_number'; did you mean 'is_number'? [-Wimplicit-function-declaration]
  write_number(mult_x[0], 180, multiplier[0], 0xff);
  ^~~~~~~~~~~~
  is_number
../src/helloworld.c:97:2: warning: implicit declaration of function 'write_ON'; did you mean 'write_O'? [-Wimplicit-function-declaration]
  write_ON();
  ^~~~~~~~
  write_O
../src/helloworld.c:123:2: warning: implicit declaration of function 'init_WindowEnable' [-Wimplicit-function-declaration]
  init_WindowEnable();
  ^~~~~~~~~~~~~~~~~
../src/helloworld.c:361:9: warning: unused variable 'huh' [-Wunused-variable]
     int huh = test[508];
         ^~~
../src/helloworld.c:425:6: warning: implicit declaration of function 'write_OFF'; did you mean 'write_O'? [-Wimplicit-function-declaration]
      write_OFF();
      ^~~~~~~~~
      write_O
../src/helloworld.c:149:7: warning: unused variable 'print_bin' [-Wunused-variable]
   int print_bin = 6;
       ^~~~~~~~~
../src/helloworld.c:112:6: warning: unused variable 'previous_windowVal' [-Wunused-variable]
  int previous_windowVal = 1;
      ^~~~~~~~~~~~~~~~~~
../src/helloworld.c:86:6: warning: unused variable 'previous_mult' [-Wunused-variable]
  int previous_mult = 0;
      ^~~~~~~~~~~~~
../src/helloworld.c:83:6: warning: unused variable 'previous_multiplier' [-Wunused-variable]
  int previous_multiplier[3] = {0, 0, 0};
      ^~~~~~~~~~~~~~~~~~~
../src/helloworld.c:68:6: warning: variable 'bins' set but not used [-Wunused-but-set-variable]
  u32 bins[10] = {};
      ^~~~
../src/helloworld.c:61:6: warning: unused variable 'v_color' [-Wunused-variable]
  int v_color;
      ^~~~~~~
../src/helloworld.c:60:6: warning: unused variable 'v_start_y' [-Wunused-variable]
  int v_start_y;
      ^~~~~~~~~
../src/helloworld.c:59:6: warning: unused variable 'v_start_x' [-Wunused-variable]
  int v_start_x;
      ^~~~~~~~~
../src/helloworld.c:34:15: warning: unused variable 'mic_bit' [-Wunused-variable]
  unsigned int mic_bit;
               ^~~~~~~
../src/helloworld.c: At top level:
../src/helloworld.c:797:6: warning: conflicting types for 'init_WindowEnable'
 void init_WindowEnable()
      ^~~~~~~~~~~~~~~~~
../src/helloworld.c:123:2: note: previous implicit declaration of 'init_WindowEnable' was here
  init_WindowEnable();
  ^~~~~~~~~~~~~~~~~
../src/helloworld.c: In function 'is_number':
../src/helloworld.c:819:5: warning: type of 'x' defaults to 'int' [-Wimplicit-int]
 int is_number(x)
     ^~~~~~~~~
../src/helloworld.c: At top level:
../src/helloworld.c:827:6: warning: conflicting types for 'write_ON'
 void write_ON()
      ^~~~~~~~
../src/helloworld.c:97:2: note: previous implicit declaration of 'write_ON' was here
  write_ON();
  ^~~~~~~~
../src/helloworld.c:854:6: warning: conflicting types for 'write_OFF'
 void write_OFF()
      ^~~~~~~~~
../src/helloworld.c:425:6: note: previous implicit declaration of 'write_OFF' was here
      write_OFF();
      ^~~~~~~~~
../src/helloworld.c:883:6: warning: conflicting types for 'draw_line'
 void draw_line(int start_x, int start_y, int color)
      ^~~~~~~~~
../src/helloworld.c:89:2: note: previous implicit declaration of 'draw_line' was here
  draw_line(mult_x[mult_option], 210, 0xff);
  ^~~~~~~~~
../src/helloworld.c:1190:6: warning: conflicting types for 'write_number'
 void write_number(int start_x, int start_y, int number, int color)
      ^~~~~~~~~~~~
../src/helloworld.c:90:2: note: previous implicit declaration of 'write_number' was here
  write_number(mult_x[0], 180, multiplier[0], 0xff);
  ^~~~~~~~~~~~
'Finished building: ../src/helloworld.c'
' '
'Building target: microblaze_video_march_31_1.elf'
'Invoking: MicroBlaze gcc linker'
mb-gcc -Wl,-T -Wl,../src/lscript.ld -L../../microblaze_video_march_31_1_bsp/microblaze_0/lib -mlittle-endian -mcpu=v11.0 -mxl-soft-mul -Wl,--no-relax -Wl,--gc-sections -o "microblaze_video_march_31_1.elf"  ./src/audio.o ./src/demo.o ./src/helloworld.o ./src/iic.o ./src/platform.o   -Wl,--start-group,-lxil,-lgcc,-lc,--end-group
'Finished building target: microblaze_video_march_31_1.elf'
' '
'Invoking: MicroBlaze Print Size'
mb-size microblaze_video_march_31_1.elf  |tee "microblaze_video_march_31_1.elf.size"
   text	   data	    bss	    dec	    hex	filename
  42320	    352	   3208	  45880	   b338	microblaze_video_march_31_1.elf
'Finished building: microblaze_video_march_31_1.elf.size'
' '
22:51:18 **** Auto Build of configuration Debug for project microblaze_video_march_31_1 ****
make all 
'Building file: ../src/helloworld.c'
'Invoking: MicroBlaze gcc compiler'
mb-gcc -Wall -O0 -g3 -c -fmessage-length=0 -MT"src/helloworld.o" -I../../microblaze_video_march_31_1_bsp/microblaze_0/include -mlittle-endian -mcpu=v11.0 -mxl-soft-mul -Wl,--no-relax -ffunction-sections -fdata-sections -MMD -MP -MF"src/helloworld.d" -MT"src/helloworld.o" -o "src/helloworld.o" "../src/helloworld.c"
../src/helloworld.c: In function 'main':
../src/helloworld.c:93:2: warning: implicit declaration of function 'draw_line'; did you mean 'draw_pixel'? [-Wimplicit-function-declaration]
  draw_line(mult_x[mult_option], 210, 0xff);
  ^~~~~~~~~
  draw_pixel
../src/helloworld.c:94:2: warning: implicit declaration of function 'write_number'; did you mean 'is_number'? [-Wimplicit-function-declaration]
  write_number(mult_x[0], 180, multiplier[0], 0xff);
  ^~~~~~~~~~~~
  is_number
../src/helloworld.c:101:2: warning: implicit declaration of function 'write_ON'; did you mean 'write_O'? [-Wimplicit-function-declaration]
  write_ON();
  ^~~~~~~~
  write_O
../src/helloworld.c:127:2: warning: implicit declaration of function 'init_WindowEnable' [-Wimplicit-function-declaration]
  init_WindowEnable();
  ^~~~~~~~~~~~~~~~~
../src/helloworld.c:365:9: warning: unused variable 'huh' [-Wunused-variable]
     int huh = test[508];
         ^~~
../src/helloworld.c:429:6: warning: implicit declaration of function 'write_OFF'; did you mean 'write_O'? [-Wimplicit-function-declaration]
      write_OFF();
      ^~~~~~~~~
      write_O
../src/helloworld.c:153:7: warning: unused variable 'print_bin' [-Wunused-variable]
   int print_bin = 6;
       ^~~~~~~~~
../src/helloworld.c:116:6: warning: unused variable 'previous_windowVal' [-Wunused-variable]
  int previous_windowVal = 1;
      ^~~~~~~~~~~~~~~~~~
../src/helloworld.c:90:6: warning: unused variable 'previous_mult' [-Wunused-variable]
  int previous_mult = 0;
      ^~~~~~~~~~~~~
../src/helloworld.c:87:6: warning: unused variable 'previous_multiplier' [-Wunused-variable]
  int previous_multiplier[3] = {0, 0, 0};
      ^~~~~~~~~~~~~~~~~~~
../src/helloworld.c:72:6: warning: variable 'bins' set but not used [-Wunused-but-set-variable]
  u32 bins[10] = {};
      ^~~~
../src/helloworld.c:69:6: warning: unused variable 'f_value' [-Wunused-variable]
  int f_value = 0;
      ^~~~~~~
../src/helloworld.c:68:6: warning: unused variable 'f_index' [-Wunused-variable]
  int f_index = 0;
      ^~~~~~~
../src/helloworld.c:61:6: warning: unused variable 'v_color' [-Wunused-variable]
  int v_color;
      ^~~~~~~
../src/helloworld.c:60:6: warning: unused variable 'v_start_y' [-Wunused-variable]
  int v_start_y;
      ^~~~~~~~~
../src/helloworld.c:59:6: warning: unused variable 'v_start_x' [-Wunused-variable]
  int v_start_x;
      ^~~~~~~~~
../src/helloworld.c:34:15: warning: unused variable 'mic_bit' [-Wunused-variable]
  unsigned int mic_bit;
               ^~~~~~~
../src/helloworld.c: At top level:
../src/helloworld.c:801:6: warning: conflicting types for 'init_WindowEnable'
 void init_WindowEnable()
      ^~~~~~~~~~~~~~~~~
../src/helloworld.c:127:2: note: previous implicit declaration of 'init_WindowEnable' was here
  init_WindowEnable();
  ^~~~~~~~~~~~~~~~~
../src/helloworld.c: In function 'is_number':
../src/helloworld.c:823:5: warning: type of 'x' defaults to 'int' [-Wimplicit-int]
 int is_number(x)
     ^~~~~~~~~
../src/helloworld.c: At top level:
../src/helloworld.c:831:6: warning: conflicting types for 'write_ON'
 void write_ON()
      ^~~~~~~~
../src/helloworld.c:101:2: note: previous implicit declaration of 'write_ON' was here
  write_ON();
  ^~~~~~~~
../src/helloworld.c:858:6: warning: conflicting types for 'write_OFF'
 void write_OFF()
      ^~~~~~~~~
../src/helloworld.c:429:6: note: previous implicit declaration of 'write_OFF' was here
      write_OFF();
      ^~~~~~~~~
../src/helloworld.c:887:6: warning: conflicting types for 'draw_line'
 void draw_line(int start_x, int start_y, int color)
      ^~~~~~~~~
../src/helloworld.c:93:2: note: previous implicit declaration of 'draw_line' was here
  draw_line(mult_x[mult_option], 210, 0xff);
  ^~~~~~~~~
../src/helloworld.c:1194:6: warning: conflicting types for 'write_number'
 void write_number(int start_x, int start_y, int number, int color)
      ^~~~~~~~~~~~
../src/helloworld.c:94:2: note: previous implicit declaration of 'write_number' was here
  write_number(mult_x[0], 180, multiplier[0], 0xff);
  ^~~~~~~~~~~~
'Finished building: ../src/helloworld.c'
' '
'Building target: microblaze_video_march_31_1.elf'
'Invoking: MicroBlaze gcc linker'
mb-gcc -Wl,-T -Wl,../src/lscript.ld -L../../microblaze_video_march_31_1_bsp/microblaze_0/lib -mlittle-endian -mcpu=v11.0 -mxl-soft-mul -Wl,--no-relax -Wl,--gc-sections -o "microblaze_video_march_31_1.elf"  ./src/audio.o ./src/demo.o ./src/helloworld.o ./src/iic.o ./src/platform.o   -Wl,--start-group,-lxil,-lgcc,-lc,--end-group
'Finished building target: microblaze_video_march_31_1.elf'
' '
'Invoking: MicroBlaze Print Size'
mb-size microblaze_video_march_31_1.elf  |tee "microblaze_video_march_31_1.elf.size"
   text	   data	    bss	    dec	    hex	filename
  42328	    352	   3208	  45888	   b340	microblaze_video_march_31_1.elf
'Finished building: microblaze_video_march_31_1.elf.size'
' '
22:52:09 **** Auto Build of configuration Debug for project microblaze_video_march_31_1 ****
make all 
'Building file: ../src/helloworld.c'
'Invoking: MicroBlaze gcc compiler'
mb-gcc -Wall -O0 -g3 -c -fmessage-length=0 -MT"src/helloworld.o" -I../../microblaze_video_march_31_1_bsp/microblaze_0/include -mlittle-endian -mcpu=v11.0 -mxl-soft-mul -Wl,--no-relax -ffunction-sections -fdata-sections -MMD -MP -MF"src/helloworld.d" -MT"src/helloworld.o" -o "src/helloworld.o" "../src/helloworld.c"
../src/helloworld.c: In function 'main':
../src/helloworld.c:93:2: warning: implicit declaration of function 'draw_line'; did you mean 'draw_pixel'? [-Wimplicit-function-declaration]
  draw_line(mult_x[mult_option], 210, 0xff);
  ^~~~~~~~~
  draw_pixel
../src/helloworld.c:94:2: warning: implicit declaration of function 'write_number'; did you mean 'is_number'? [-Wimplicit-function-declaration]
  write_number(mult_x[0], 180, multiplier[0], 0xff);
  ^~~~~~~~~~~~
  is_number
../src/helloworld.c:101:2: warning: implicit declaration of function 'write_ON'; did you mean 'write_O'? [-Wimplicit-function-declaration]
  write_ON();
  ^~~~~~~~
  write_O
../src/helloworld.c:127:2: warning: implicit declaration of function 'init_WindowEnable' [-Wimplicit-function-declaration]
  init_WindowEnable();
  ^~~~~~~~~~~~~~~~~
../src/helloworld.c:370:9: warning: unused variable 'huh' [-Wunused-variable]
     int huh = test[508];
         ^~~
../src/helloworld.c:434:6: warning: implicit declaration of function 'write_OFF'; did you mean 'write_O'? [-Wimplicit-function-declaration]
      write_OFF();
      ^~~~~~~~~
      write_O
../src/helloworld.c:158:7: warning: unused variable 'print_bin' [-Wunused-variable]
   int print_bin = 6;
       ^~~~~~~~~
../src/helloworld.c:116:6: warning: unused variable 'previous_windowVal' [-Wunused-variable]
  int previous_windowVal = 1;
      ^~~~~~~~~~~~~~~~~~
../src/helloworld.c:90:6: warning: unused variable 'previous_mult' [-Wunused-variable]
  int previous_mult = 0;
      ^~~~~~~~~~~~~
../src/helloworld.c:87:6: warning: unused variable 'previous_multiplier' [-Wunused-variable]
  int previous_multiplier[3] = {0, 0, 0};
      ^~~~~~~~~~~~~~~~~~~
../src/helloworld.c:72:6: warning: variable 'bins' set but not used [-Wunused-but-set-variable]
  u32 bins[10] = {};
      ^~~~
../src/helloworld.c:61:6: warning: unused variable 'v_color' [-Wunused-variable]
  int v_color;
      ^~~~~~~
../src/helloworld.c:60:6: warning: unused variable 'v_start_y' [-Wunused-variable]
  int v_start_y;
      ^~~~~~~~~
../src/helloworld.c:59:6: warning: unused variable 'v_start_x' [-Wunused-variable]
  int v_start_x;
      ^~~~~~~~~
../src/helloworld.c:34:15: warning: unused variable 'mic_bit' [-Wunused-variable]
  unsigned int mic_bit;
               ^~~~~~~
../src/helloworld.c: At top level:
../src/helloworld.c:806:6: warning: conflicting types for 'init_WindowEnable'
 void init_WindowEnable()
      ^~~~~~~~~~~~~~~~~
../src/helloworld.c:127:2: note: previous implicit declaration of 'init_WindowEnable' was here
  init_WindowEnable();
  ^~~~~~~~~~~~~~~~~
../src/helloworld.c: In function 'is_number':
../src/helloworld.c:828:5: warning: type of 'x' defaults to 'int' [-Wimplicit-int]
 int is_number(x)
     ^~~~~~~~~
../src/helloworld.c: At top level:
../src/helloworld.c:836:6: warning: conflicting types for 'write_ON'
 void write_ON()
      ^~~~~~~~
../src/helloworld.c:101:2: note: previous implicit declaration of 'write_ON' was here
  write_ON();
  ^~~~~~~~
../src/helloworld.c:863:6: warning: conflicting types for 'write_OFF'
 void write_OFF()
      ^~~~~~~~~
../src/helloworld.c:434:6: note: previous implicit declaration of 'write_OFF' was here
      write_OFF();
      ^~~~~~~~~
../src/helloworld.c:892:6: warning: conflicting types for 'draw_line'
 void draw_line(int start_x, int start_y, int color)
      ^~~~~~~~~
../src/helloworld.c:93:2: note: previous implicit declaration of 'draw_line' was here
  draw_line(mult_x[mult_option], 210, 0xff);
  ^~~~~~~~~
../src/helloworld.c:1199:6: warning: conflicting types for 'write_number'
 void write_number(int start_x, int start_y, int number, int color)
      ^~~~~~~~~~~~
../src/helloworld.c:94:2: note: previous implicit declaration of 'write_number' was here
  write_number(mult_x[0], 180, multiplier[0], 0xff);
  ^~~~~~~~~~~~
'Finished building: ../src/helloworld.c'
' '
'Building target: microblaze_video_march_31_1.elf'
'Invoking: MicroBlaze gcc linker'
mb-gcc -Wl,-T -Wl,../src/lscript.ld -L../../microblaze_video_march_31_1_bsp/microblaze_0/lib -mlittle-endian -mcpu=v11.0 -mxl-soft-mul -Wl,--no-relax -Wl,--gc-sections -o "microblaze_video_march_31_1.elf"  ./src/audio.o ./src/demo.o ./src/helloworld.o ./src/iic.o ./src/platform.o   -Wl,--start-group,-lxil,-lgcc,-lc,--end-group
'Finished building target: microblaze_video_march_31_1.elf'
' '
'Invoking: MicroBlaze Print Size'
mb-size microblaze_video_march_31_1.elf  |tee "microblaze_video_march_31_1.elf.size"
   text	   data	    bss	    dec	    hex	filename
  42448	    352	   3208	  46008	   b3b8	microblaze_video_march_31_1.elf
'Finished building: microblaze_video_march_31_1.elf.size'
' '
22:52:28 **** Incremental Build of configuration Debug for project microblaze_video_march_31_1 ****
make all 
make: Nothing to be done for 'all'.
22:52:51 **** Auto Build of configuration Debug for project microblaze_video_march_31_1 ****
make all 
'Building file: ../src/helloworld.c'
'Invoking: MicroBlaze gcc compiler'
mb-gcc -Wall -O0 -g3 -c -fmessage-length=0 -MT"src/helloworld.o" -I../../microblaze_video_march_31_1_bsp/microblaze_0/include -mlittle-endian -mcpu=v11.0 -mxl-soft-mul -Wl,--no-relax -ffunction-sections -fdata-sections -MMD -MP -MF"src/helloworld.d" -MT"src/helloworld.o" -o "src/helloworld.o" "../src/helloworld.c"
../src/helloworld.c: In function 'main':
../src/helloworld.c:93:2: warning: implicit declaration of function 'draw_line'; did you mean 'draw_pixel'? [-Wimplicit-function-declaration]
  draw_line(mult_x[mult_option], 210, 0xff);
  ^~~~~~~~~
  draw_pixel
../src/helloworld.c:94:2: warning: implicit declaration of function 'write_number'; did you mean 'is_number'? [-Wimplicit-function-declaration]
  write_number(mult_x[0], 180, multiplier[0], 0xff);
  ^~~~~~~~~~~~
  is_number
../src/helloworld.c:101:2: warning: implicit declaration of function 'write_ON'; did you mean 'write_O'? [-Wimplicit-function-declaration]
  write_ON();
  ^~~~~~~~
  write_O
../src/helloworld.c:127:2: warning: implicit declaration of function 'init_WindowEnable' [-Wimplicit-function-declaration]
  init_WindowEnable();
  ^~~~~~~~~~~~~~~~~
../src/helloworld.c:370:9: warning: unused variable 'huh' [-Wunused-variable]
     int huh = test[508];
         ^~~
../src/helloworld.c:434:6: warning: implicit declaration of function 'write_OFF'; did you mean 'write_O'? [-Wimplicit-function-declaration]
      write_OFF();
      ^~~~~~~~~
      write_O
../src/helloworld.c:158:7: warning: unused variable 'print_bin' [-Wunused-variable]
   int print_bin = 6;
       ^~~~~~~~~
../src/helloworld.c:116:6: warning: unused variable 'previous_windowVal' [-Wunused-variable]
  int previous_windowVal = 1;
      ^~~~~~~~~~~~~~~~~~
../src/helloworld.c:90:6: warning: unused variable 'previous_mult' [-Wunused-variable]
  int previous_mult = 0;
      ^~~~~~~~~~~~~
../src/helloworld.c:87:6: warning: unused variable 'previous_multiplier' [-Wunused-variable]
  int previous_multiplier[3] = {0, 0, 0};
      ^~~~~~~~~~~~~~~~~~~
../src/helloworld.c:72:6: warning: variable 'bins' set but not used [-Wunused-but-set-variable]
  u32 bins[10] = {};
      ^~~~
../src/helloworld.c:61:6: warning: unused variable 'v_color' [-Wunused-variable]
  int v_color;
      ^~~~~~~
../src/helloworld.c:60:6: warning: unused variable 'v_start_y' [-Wunused-variable]
  int v_start_y;
      ^~~~~~~~~
../src/helloworld.c:59:6: warning: unused variable 'v_start_x' [-Wunused-variable]
  int v_start_x;
      ^~~~~~~~~
../src/helloworld.c:34:15: warning: unused variable 'mic_bit' [-Wunused-variable]
  unsigned int mic_bit;
               ^~~~~~~
../src/helloworld.c: At top level:
../src/helloworld.c:806:6: warning: conflicting types for 'init_WindowEnable'
 void init_WindowEnable()
      ^~~~~~~~~~~~~~~~~
../src/helloworld.c:127:2: note: previous implicit declaration of 'init_WindowEnable' was here
  init_WindowEnable();
  ^~~~~~~~~~~~~~~~~
../src/helloworld.c: In function 'is_number':
../src/helloworld.c:828:5: warning: type of 'x' defaults to 'int' [-Wimplicit-int]
 int is_number(x)
     ^~~~~~~~~
../src/helloworld.c: At top level:
../src/helloworld.c:836:6: warning: conflicting types for 'write_ON'
 void write_ON()
      ^~~~~~~~
../src/helloworld.c:101:2: note: previous implicit declaration of 'write_ON' was here
  write_ON();
  ^~~~~~~~
../src/helloworld.c:863:6: warning: conflicting types for 'write_OFF'
 void write_OFF()
      ^~~~~~~~~
../src/helloworld.c:434:6: note: previous implicit declaration of 'write_OFF' was here
      write_OFF();
      ^~~~~~~~~
../src/helloworld.c:892:6: warning: conflicting types for 'draw_line'
 void draw_line(int start_x, int start_y, int color)
      ^~~~~~~~~
../src/helloworld.c:93:2: note: previous implicit declaration of 'draw_line' was here
  draw_line(mult_x[mult_option], 210, 0xff);
  ^~~~~~~~~
../src/helloworld.c:1199:6: warning: conflicting types for 'write_number'
 void write_number(int start_x, int start_y, int number, int color)
      ^~~~~~~~~~~~
../src/helloworld.c:94:2: note: previous implicit declaration of 'write_number' was here
  write_number(mult_x[0], 180, multiplier[0], 0xff);
  ^~~~~~~~~~~~
'Finished building: ../src/helloworld.c'
' '
'Building target: microblaze_video_march_31_1.elf'
'Invoking: MicroBlaze gcc linker'
mb-gcc -Wl,-T -Wl,../src/lscript.ld -L../../microblaze_video_march_31_1_bsp/microblaze_0/lib -mlittle-endian -mcpu=v11.0 -mxl-soft-mul -Wl,--no-relax -Wl,--gc-sections -o "microblaze_video_march_31_1.elf"  ./src/audio.o ./src/demo.o ./src/helloworld.o ./src/iic.o ./src/platform.o   -Wl,--start-group,-lxil,-lgcc,-lc,--end-group
'Finished building target: microblaze_video_march_31_1.elf'
' '
'Invoking: MicroBlaze Print Size'
mb-size microblaze_video_march_31_1.elf  |tee "microblaze_video_march_31_1.elf.size"
   text	   data	    bss	    dec	    hex	filename
  42448	    352	   3208	  46008	   b3b8	microblaze_video_march_31_1.elf
'Finished building: microblaze_video_march_31_1.elf.size'
' '
22:52:54 **** Incremental Build of configuration Debug for project microblaze_video_march_31_1 ****
make all 
make: Nothing to be done for 'all'.
22:56:05 **** Auto Build of configuration Debug for project microblaze_video_march_31_1 ****
make all 
'Building file: ../src/helloworld.c'
'Invoking: MicroBlaze gcc compiler'
mb-gcc -Wall -O0 -g3 -c -fmessage-length=0 -MT"src/helloworld.o" -I../../microblaze_video_march_31_1_bsp/microblaze_0/include -mlittle-endian -mcpu=v11.0 -mxl-soft-mul -Wl,--no-relax -ffunction-sections -fdata-sections -MMD -MP -MF"src/helloworld.d" -MT"src/helloworld.o" -o "src/helloworld.o" "../src/helloworld.c"
../src/helloworld.c: In function 'main':
../src/helloworld.c:93:2: warning: implicit declaration of function 'draw_line'; did you mean 'draw_pixel'? [-Wimplicit-function-declaration]
  draw_line(mult_x[mult_option], 210, 0xff);
  ^~~~~~~~~
  draw_pixel
../src/helloworld.c:94:2: warning: implicit declaration of function 'write_number'; did you mean 'is_number'? [-Wimplicit-function-declaration]
  write_number(mult_x[0], 180, multiplier[0], 0xff);
  ^~~~~~~~~~~~
  is_number
../src/helloworld.c:101:2: warning: implicit declaration of function 'write_ON'; did you mean 'write_O'? [-Wimplicit-function-declaration]
  write_ON();
  ^~~~~~~~
  write_O
../src/helloworld.c:127:2: warning: implicit declaration of function 'init_WindowEnable' [-Wimplicit-function-declaration]
  init_WindowEnable();
  ^~~~~~~~~~~~~~~~~
../src/helloworld.c:370:9: warning: unused variable 'huh' [-Wunused-variable]
     int huh = test[508];
         ^~~
../src/helloworld.c:434:6: warning: implicit declaration of function 'write_OFF'; did you mean 'write_O'? [-Wimplicit-function-declaration]
      write_OFF();
      ^~~~~~~~~
      write_O
../src/helloworld.c:158:7: warning: unused variable 'print_bin' [-Wunused-variable]
   int print_bin = 6;
       ^~~~~~~~~
../src/helloworld.c:116:6: warning: unused variable 'previous_windowVal' [-Wunused-variable]
  int previous_windowVal = 1;
      ^~~~~~~~~~~~~~~~~~
../src/helloworld.c:90:6: warning: unused variable 'previous_mult' [-Wunused-variable]
  int previous_mult = 0;
      ^~~~~~~~~~~~~
../src/helloworld.c:87:6: warning: unused variable 'previous_multiplier' [-Wunused-variable]
  int previous_multiplier[3] = {0, 0, 0};
      ^~~~~~~~~~~~~~~~~~~
../src/helloworld.c:72:6: warning: variable 'bins' set but not used [-Wunused-but-set-variable]
  u32 bins[10] = {};
      ^~~~
../src/helloworld.c:61:6: warning: unused variable 'v_color' [-Wunused-variable]
  int v_color;
      ^~~~~~~
../src/helloworld.c:60:6: warning: unused variable 'v_start_y' [-Wunused-variable]
  int v_start_y;
      ^~~~~~~~~
../src/helloworld.c:59:6: warning: unused variable 'v_start_x' [-Wunused-variable]
  int v_start_x;
      ^~~~~~~~~
../src/helloworld.c:34:15: warning: unused variable 'mic_bit' [-Wunused-variable]
  unsigned int mic_bit;
               ^~~~~~~
../src/helloworld.c: At top level:
../src/helloworld.c:806:6: warning: conflicting types for 'init_WindowEnable'
 void init_WindowEnable()
      ^~~~~~~~~~~~~~~~~
../src/helloworld.c:127:2: note: previous implicit declaration of 'init_WindowEnable' was here
  init_WindowEnable();
  ^~~~~~~~~~~~~~~~~
../src/helloworld.c: In function 'is_number':
../src/helloworld.c:828:5: warning: type of 'x' defaults to 'int' [-Wimplicit-int]
 int is_number(x)
     ^~~~~~~~~
../src/helloworld.c: At top level:
../src/helloworld.c:836:6: warning: conflicting types for 'write_ON'
 void write_ON()
      ^~~~~~~~
../src/helloworld.c:101:2: note: previous implicit declaration of 'write_ON' was here
  write_ON();
  ^~~~~~~~
../src/helloworld.c:863:6: warning: conflicting types for 'write_OFF'
 void write_OFF()
      ^~~~~~~~~
../src/helloworld.c:434:6: note: previous implicit declaration of 'write_OFF' was here
      write_OFF();
      ^~~~~~~~~
../src/helloworld.c:892:6: warning: conflicting types for 'draw_line'
 void draw_line(int start_x, int start_y, int color)
      ^~~~~~~~~
../src/helloworld.c:93:2: note: previous implicit declaration of 'draw_line' was here
  draw_line(mult_x[mult_option], 210, 0xff);
  ^~~~~~~~~
../src/helloworld.c:1199:6: warning: conflicting types for 'write_number'
 void write_number(int start_x, int start_y, int number, int color)
      ^~~~~~~~~~~~
../src/helloworld.c:94:2: note: previous implicit declaration of 'write_number' was here
  write_number(mult_x[0], 180, multiplier[0], 0xff);
  ^~~~~~~~~~~~
'Finished building: ../src/helloworld.c'
' '
'Building target: microblaze_video_march_31_1.elf'
'Invoking: MicroBlaze gcc linker'
mb-gcc -Wl,-T -Wl,../src/lscript.ld -L../../microblaze_video_march_31_1_bsp/microblaze_0/lib -mlittle-endian -mcpu=v11.0 -mxl-soft-mul -Wl,--no-relax -Wl,--gc-sections -o "microblaze_video_march_31_1.elf"  ./src/audio.o ./src/demo.o ./src/helloworld.o ./src/iic.o ./src/platform.o   -Wl,--start-group,-lxil,-lgcc,-lc,--end-group
'Finished building target: microblaze_video_march_31_1.elf'
' '
'Invoking: MicroBlaze Print Size'
mb-size microblaze_video_march_31_1.elf  |tee "microblaze_video_march_31_1.elf.size"
   text	   data	    bss	    dec	    hex	filename
  42456	    352	   3208	  46016	   b3c0	microblaze_video_march_31_1.elf
'Finished building: microblaze_video_march_31_1.elf.size'
' '
22:56:13 **** Incremental Build of configuration Debug for project microblaze_video_march_31_1 ****
make all 
make: Nothing to be done for 'all'.
22:57:51 **** Auto Build of configuration Debug for project microblaze_video_march_31_1 ****
make all 
'Building file: ../src/helloworld.c'
'Invoking: MicroBlaze gcc compiler'
mb-gcc -Wall -O0 -g3 -c -fmessage-length=0 -MT"src/helloworld.o" -I../../microblaze_video_march_31_1_bsp/microblaze_0/include -mlittle-endian -mcpu=v11.0 -mxl-soft-mul -Wl,--no-relax -ffunction-sections -fdata-sections -MMD -MP -MF"src/helloworld.d" -MT"src/helloworld.o" -o "src/helloworld.o" "../src/helloworld.c"
../src/helloworld.c: In function 'main':
../src/helloworld.c:93:2: warning: implicit declaration of function 'draw_line'; did you mean 'draw_pixel'? [-Wimplicit-function-declaration]
  draw_line(mult_x[mult_option], 210, 0xff);
  ^~~~~~~~~
  draw_pixel
../src/helloworld.c:94:2: warning: implicit declaration of function 'write_number'; did you mean 'is_number'? [-Wimplicit-function-declaration]
  write_number(mult_x[0], 180, multiplier[0], 0xff);
  ^~~~~~~~~~~~
  is_number
../src/helloworld.c:101:2: warning: implicit declaration of function 'write_ON'; did you mean 'write_O'? [-Wimplicit-function-declaration]
  write_ON();
  ^~~~~~~~
  write_O
../src/helloworld.c:127:2: warning: implicit declaration of function 'init_WindowEnable' [-Wimplicit-function-declaration]
  init_WindowEnable();
  ^~~~~~~~~~~~~~~~~
../src/helloworld.c:370:9: warning: unused variable 'huh' [-Wunused-variable]
     int huh = test[508];
         ^~~
../src/helloworld.c:434:6: warning: implicit declaration of function 'write_OFF'; did you mean 'write_O'? [-Wimplicit-function-declaration]
      write_OFF();
      ^~~~~~~~~
      write_O
../src/helloworld.c:158:7: warning: unused variable 'print_bin' [-Wunused-variable]
   int print_bin = 6;
       ^~~~~~~~~
../src/helloworld.c:116:6: warning: unused variable 'previous_windowVal' [-Wunused-variable]
  int previous_windowVal = 1;
      ^~~~~~~~~~~~~~~~~~
../src/helloworld.c:90:6: warning: unused variable 'previous_mult' [-Wunused-variable]
  int previous_mult = 0;
      ^~~~~~~~~~~~~
../src/helloworld.c:87:6: warning: unused variable 'previous_multiplier' [-Wunused-variable]
  int previous_multiplier[3] = {0, 0, 0};
      ^~~~~~~~~~~~~~~~~~~
../src/helloworld.c:72:6: warning: variable 'bins' set but not used [-Wunused-but-set-variable]
  u32 bins[10] = {};
      ^~~~
../src/helloworld.c:61:6: warning: unused variable 'v_color' [-Wunused-variable]
  int v_color;
      ^~~~~~~
../src/helloworld.c:60:6: warning: unused variable 'v_start_y' [-Wunused-variable]
  int v_start_y;
      ^~~~~~~~~
../src/helloworld.c:59:6: warning: unused variable 'v_start_x' [-Wunused-variable]
  int v_start_x;
      ^~~~~~~~~
../src/helloworld.c:34:15: warning: unused variable 'mic_bit' [-Wunused-variable]
  unsigned int mic_bit;
               ^~~~~~~
../src/helloworld.c: At top level:
../src/helloworld.c:806:6: warning: conflicting types for 'init_WindowEnable'
 void init_WindowEnable()
      ^~~~~~~~~~~~~~~~~
../src/helloworld.c:127:2: note: previous implicit declaration of 'init_WindowEnable' was here
  init_WindowEnable();
  ^~~~~~~~~~~~~~~~~
../src/helloworld.c: In function 'is_number':
../src/helloworld.c:828:5: warning: type of 'x' defaults to 'int' [-Wimplicit-int]
 int is_number(x)
     ^~~~~~~~~
../src/helloworld.c: At top level:
../src/helloworld.c:836:6: warning: conflicting types for 'write_ON'
 void write_ON()
      ^~~~~~~~
../src/helloworld.c:101:2: note: previous implicit declaration of 'write_ON' was here
  write_ON();
  ^~~~~~~~
../src/helloworld.c:863:6: warning: conflicting types for 'write_OFF'
 void write_OFF()
      ^~~~~~~~~
../src/helloworld.c:434:6: note: previous implicit declaration of 'write_OFF' was here
      write_OFF();
      ^~~~~~~~~
../src/helloworld.c:892:6: warning: conflicting types for 'draw_line'
 void draw_line(int start_x, int start_y, int color)
      ^~~~~~~~~
../src/helloworld.c:93:2: note: previous implicit declaration of 'draw_line' was here
  draw_line(mult_x[mult_option], 210, 0xff);
  ^~~~~~~~~
../src/helloworld.c:1199:6: warning: conflicting types for 'write_number'
 void write_number(int start_x, int start_y, int number, int color)
      ^~~~~~~~~~~~
../src/helloworld.c:94:2: note: previous implicit declaration of 'write_number' was here
  write_number(mult_x[0], 180, multiplier[0], 0xff);
  ^~~~~~~~~~~~
'Finished building: ../src/helloworld.c'
' '
'Building target: microblaze_video_march_31_1.elf'
'Invoking: MicroBlaze gcc linker'
mb-gcc -Wl,-T -Wl,../src/lscript.ld -L../../microblaze_video_march_31_1_bsp/microblaze_0/lib -mlittle-endian -mcpu=v11.0 -mxl-soft-mul -Wl,--no-relax -Wl,--gc-sections -o "microblaze_video_march_31_1.elf"  ./src/audio.o ./src/demo.o ./src/helloworld.o ./src/iic.o ./src/platform.o   -Wl,--start-group,-lxil,-lgcc,-lc,--end-group
'Finished building target: microblaze_video_march_31_1.elf'
' '
'Invoking: MicroBlaze Print Size'
mb-size microblaze_video_march_31_1.elf  |tee "microblaze_video_march_31_1.elf.size"
   text	   data	    bss	    dec	    hex	filename
  42452	    352	   3212	  46016	   b3c0	microblaze_video_march_31_1.elf
'Finished building: microblaze_video_march_31_1.elf.size'
' '
22:58:01 **** Incremental Build of configuration Debug for project microblaze_video_march_31_1 ****
make all 
make: Nothing to be done for 'all'.
22:58:31 **** Auto Build of configuration Debug for project microblaze_video_march_31_1 ****
make all 
'Building file: ../src/helloworld.c'
'Invoking: MicroBlaze gcc compiler'
mb-gcc -Wall -O0 -g3 -c -fmessage-length=0 -MT"src/helloworld.o" -I../../microblaze_video_march_31_1_bsp/microblaze_0/include -mlittle-endian -mcpu=v11.0 -mxl-soft-mul -Wl,--no-relax -ffunction-sections -fdata-sections -MMD -MP -MF"src/helloworld.d" -MT"src/helloworld.o" -o "src/helloworld.o" "../src/helloworld.c"
../src/helloworld.c: In function 'main':
../src/helloworld.c:93:2: warning: implicit declaration of function 'draw_line'; did you mean 'draw_pixel'? [-Wimplicit-function-declaration]
  draw_line(mult_x[mult_option], 210, 0xff);
  ^~~~~~~~~
  draw_pixel
../src/helloworld.c:94:2: warning: implicit declaration of function 'write_number'; did you mean 'is_number'? [-Wimplicit-function-declaration]
  write_number(mult_x[0], 180, multiplier[0], 0xff);
  ^~~~~~~~~~~~
  is_number
../src/helloworld.c:101:2: warning: implicit declaration of function 'write_ON'; did you mean 'write_O'? [-Wimplicit-function-declaration]
  write_ON();
  ^~~~~~~~
  write_O
../src/helloworld.c:127:2: warning: implicit declaration of function 'init_WindowEnable' [-Wimplicit-function-declaration]
  init_WindowEnable();
  ^~~~~~~~~~~~~~~~~
../src/helloworld.c:370:9: warning: unused variable 'huh' [-Wunused-variable]
     int huh = test[508];
         ^~~
../src/helloworld.c:434:6: warning: implicit declaration of function 'write_OFF'; did you mean 'write_O'? [-Wimplicit-function-declaration]
      write_OFF();
      ^~~~~~~~~
      write_O
../src/helloworld.c:158:7: warning: unused variable 'print_bin' [-Wunused-variable]
   int print_bin = 6;
       ^~~~~~~~~
../src/helloworld.c:116:6: warning: unused variable 'previous_windowVal' [-Wunused-variable]
  int previous_windowVal = 1;
      ^~~~~~~~~~~~~~~~~~
../src/helloworld.c:90:6: warning: unused variable 'previous_mult' [-Wunused-variable]
  int previous_mult = 0;
      ^~~~~~~~~~~~~
../src/helloworld.c:87:6: warning: unused variable 'previous_multiplier' [-Wunused-variable]
  int previous_multiplier[3] = {0, 0, 0};
      ^~~~~~~~~~~~~~~~~~~
../src/helloworld.c:72:6: warning: variable 'bins' set but not used [-Wunused-but-set-variable]
  u32 bins[10] = {};
      ^~~~
../src/helloworld.c:61:6: warning: unused variable 'v_color' [-Wunused-variable]
  int v_color;
      ^~~~~~~
../src/helloworld.c:60:6: warning: unused variable 'v_start_y' [-Wunused-variable]
  int v_start_y;
      ^~~~~~~~~
../src/helloworld.c:59:6: warning: unused variable 'v_start_x' [-Wunused-variable]
  int v_start_x;
      ^~~~~~~~~
../src/helloworld.c:34:15: warning: unused variable 'mic_bit' [-Wunused-variable]
  unsigned int mic_bit;
               ^~~~~~~
../src/helloworld.c: At top level:
../src/helloworld.c:806:6: warning: conflicting types for 'init_WindowEnable'
 void init_WindowEnable()
[...]
 void init_WindowEnable()
      ^~~~~~~~~~~~~~~~~
../src/helloworld.c:140:2: note: previous implicit declaration of 'init_WindowEnable' was here
  init_WindowEnable();
  ^~~~~~~~~~~~~~~~~
../src/helloworld.c: In function 'is_number':
../src/helloworld.c:1066:5: warning: type of 'x' defaults to 'int' [-Wimplicit-int]
 int is_number(x)
     ^~~~~~~~~
../src/helloworld.c: At top level:
../src/helloworld.c:1074:6: warning: conflicting types for 'write_ON'
 void write_ON()
      ^~~~~~~~
../src/helloworld.c:114:2: note: previous implicit declaration of 'write_ON' was here
  write_ON();
  ^~~~~~~~
../src/helloworld.c:1101:6: warning: conflicting types for 'write_OFF'
 void write_OFF()
      ^~~~~~~~~
../src/helloworld.c:600:6: note: previous implicit declaration of 'write_OFF' was here
      write_OFF();
      ^~~~~~~~~
../src/helloworld.c:1130:6: warning: conflicting types for 'draw_line'
 void draw_line(int start_x, int start_y, int color)
      ^~~~~~~~~
../src/helloworld.c:106:2: note: previous implicit declaration of 'draw_line' was here
  draw_line(mult_x[mult_option], 210, 0xff);
  ^~~~~~~~~
../src/helloworld.c:1437:6: warning: conflicting types for 'write_number'
 void write_number(int start_x, int start_y, int number, int color)
      ^~~~~~~~~~~~
../src/helloworld.c:107:2: note: previous implicit declaration of 'write_number' was here
  write_number(mult_x[0], 180, multiplier[0], 0xff);
  ^~~~~~~~~~~~
'Finished building: ../src/helloworld.c'
' '
'Building file: ../src/iic.c'
'Invoking: MicroBlaze gcc compiler'
mb-gcc -Wall -O0 -g3 -c -fmessage-length=0 -MT"src/iic.o" -I../../microblaze_video_march_31_1_bsp/microblaze_0/include -mlittle-endian -mcpu=v11.0 -mxl-soft-mul -Wl,--no-relax -ffunction-sections -fdata-sections -MMD -MP -MF"src/iic.d" -MT"src/iic.o" -o "src/iic.o" "../src/iic.c"
'Finished building: ../src/iic.c'
' '
'Building file: ../src/platform.c'
'Invoking: MicroBlaze gcc compiler'
mb-gcc -Wall -O0 -g3 -c -fmessage-length=0 -MT"src/platform.o" -I../../microblaze_video_march_31_1_bsp/microblaze_0/include -mlittle-endian -mcpu=v11.0 -mxl-soft-mul -Wl,--no-relax -ffunction-sections -fdata-sections -MMD -MP -MF"src/platform.d" -MT"src/platform.o" -o "src/platform.o" "../src/platform.c"
'Finished building: ../src/platform.c'
' '
'Building target: microblaze_video_march_31_1.elf'
'Invoking: MicroBlaze gcc linker'
mb-gcc -Wl,-T -Wl,../src/lscript.ld -L../../microblaze_video_march_31_1_bsp/microblaze_0/lib -mlittle-endian -mcpu=v11.0 -mxl-soft-mul -Wl,--no-relax -Wl,--gc-sections -o "microblaze_video_march_31_1.elf"  ./src/audio.o ./src/demo.o ./src/helloworld.o ./src/iic.o ./src/platform.o   -Wl,--start-group,-lxil,-lgcc,-lc,--end-group
'Finished building target: microblaze_video_march_31_1.elf'
' '
'Invoking: MicroBlaze Print Size'
mb-size microblaze_video_march_31_1.elf  |tee "microblaze_video_march_31_1.elf.size"
   text	   data	    bss	    dec	    hex	filename
  45848	    352	   3208	  49408	   c100	microblaze_video_march_31_1.elf
'Finished building: microblaze_video_march_31_1.elf.size'
' '
22:13:00 **** Incremental Build of configuration Debug for project microblaze_video_march_31_1 ****
make all 
make: Nothing to be done for 'all'.
22:17:23 **** Auto Build of configuration Debug for project microblaze_video_march_31_1 ****
make all 
'Building file: ../src/helloworld.c'
'Invoking: MicroBlaze gcc compiler'
mb-gcc -Wall -O0 -g3 -c -fmessage-length=0 -MT"src/helloworld.o" -I../../microblaze_video_march_31_1_bsp/microblaze_0/include -mlittle-endian -mcpu=v11.0 -mxl-soft-mul -Wl,--no-relax -ffunction-sections -fdata-sections -MMD -MP -MF"src/helloworld.d" -MT"src/helloworld.o" -o "src/helloworld.o" "../src/helloworld.c"
../src/helloworld.c: In function 'main':
../src/helloworld.c:106:2: warning: implicit declaration of function 'draw_line'; did you mean 'draw_pixel'? [-Wimplicit-function-declaration]
  draw_line(mult_x[mult_option], 210, 0xff);
  ^~~~~~~~~
  draw_pixel
../src/helloworld.c:107:2: warning: implicit declaration of function 'write_number'; did you mean 'is_number'? [-Wimplicit-function-declaration]
  write_number(mult_x[0], 180, multiplier[0], 0xff);
  ^~~~~~~~~~~~
  is_number
../src/helloworld.c:114:2: warning: implicit declaration of function 'write_ON'; did you mean 'write_O'? [-Wimplicit-function-declaration]
  write_ON();
  ^~~~~~~~
  write_O
../src/helloworld.c:140:2: warning: implicit declaration of function 'init_WindowEnable' [-Wimplicit-function-declaration]
  init_WindowEnable();
  ^~~~~~~~~~~~~~~~~
../src/helloworld.c:600:6: warning: implicit declaration of function 'write_OFF'; did you mean 'write_O'? [-Wimplicit-function-declaration]
      write_OFF();
      ^~~~~~~~~
      write_O
../src/helloworld.c:282:7: warning: unused variable 'print_bin' [-Wunused-variable]
   int print_bin = 6;
       ^~~~~~~~~
../src/helloworld.c:143:6: warning: unused variable 'max' [-Wunused-variable]
  int max = 0;
      ^~~
../src/helloworld.c:142:6: warning: unused variable 'min' [-Wunused-variable]
  int min = 10000000;
      ^~~
../src/helloworld.c:129:6: warning: unused variable 'previous_windowVal' [-Wunused-variable]
  int previous_windowVal = 1;
      ^~~~~~~~~~~~~~~~~~
../src/helloworld.c:103:6: warning: unused variable 'previous_mult' [-Wunused-variable]
  int previous_mult = 0;
      ^~~~~~~~~~~~~
../src/helloworld.c:100:6: warning: unused variable 'previous_multiplier' [-Wunused-variable]
  int previous_multiplier[3] = {0, 0, 0};
      ^~~~~~~~~~~~~~~~~~~
../src/helloworld.c:79:6: warning: variable 'v_f_value_i' set but not used [-Wunused-but-set-variable]
  int v_f_value_i = 0;
      ^~~~~~~~~~~
../src/helloworld.c:69:6: warning: variable 'f_value_i' set but not used [-Wunused-but-set-variable]
  int f_value_i = 0;
      ^~~~~~~~~
../src/helloworld.c:61:6: warning: unused variable 'v_color' [-Wunused-variable]
  int v_color;
      ^~~~~~~
../src/helloworld.c:60:6: warning: unused variable 'v_start_y' [-Wunused-variable]
  int v_start_y;
      ^~~~~~~~~
../src/helloworld.c:59:6: warning: unused variable 'v_start_x' [-Wunused-variable]
  int v_start_x;
      ^~~~~~~~~
../src/helloworld.c:34:15: warning: unused variable 'mic_bit' [-Wunused-variable]
  unsigned int mic_bit;
               ^~~~~~~
../src/helloworld.c: At top level:
../src/helloworld.c:1044:6: warning: conflicting types for 'init_WindowEnable'
 void init_WindowEnable()
      ^~~~~~~~~~~~~~~~~
../src/helloworld.c:140:2: note: previous implicit declaration of 'init_WindowEnable' was here
  init_WindowEnable();
  ^~~~~~~~~~~~~~~~~
../src/helloworld.c: In function 'is_number':
../src/helloworld.c:1066:5: warning: type of 'x' defaults to 'int' [-Wimplicit-int]
 int is_number(x)
     ^~~~~~~~~
../src/helloworld.c: At top level:
../src/helloworld.c:1074:6: warning: conflicting types for 'write_ON'
 void write_ON()
      ^~~~~~~~
../src/helloworld.c:114:2: note: previous implicit declaration of 'write_ON' was here
  write_ON();
  ^~~~~~~~
../src/helloworld.c:1101:6: warning: conflicting types for 'write_OFF'
 void write_OFF()
      ^~~~~~~~~
../src/helloworld.c:600:6: note: previous implicit declaration of 'write_OFF' was here
      write_OFF();
      ^~~~~~~~~
../src/helloworld.c:1130:6: warning: conflicting types for 'draw_line'
 void draw_line(int start_x, int start_y, int color)
      ^~~~~~~~~
../src/helloworld.c:106:2: note: previous implicit declaration of 'draw_line' was here
  draw_line(mult_x[mult_option], 210, 0xff);
  ^~~~~~~~~
../src/helloworld.c:1437:6: warning: conflicting types for 'write_number'
 void write_number(int start_x, int start_y, int number, int color)
      ^~~~~~~~~~~~
../src/helloworld.c:107:2: note: previous implicit declaration of 'write_number' was here
  write_number(mult_x[0], 180, multiplier[0], 0xff);
  ^~~~~~~~~~~~
'Finished building: ../src/helloworld.c'
' '
'Building target: microblaze_video_march_31_1.elf'
'Invoking: MicroBlaze gcc linker'
mb-gcc -Wl,-T -Wl,../src/lscript.ld -L../../microblaze_video_march_31_1_bsp/microblaze_0/lib -mlittle-endian -mcpu=v11.0 -mxl-soft-mul -Wl,--no-relax -Wl,--gc-sections -o "microblaze_video_march_31_1.elf"  ./src/audio.o ./src/demo.o ./src/helloworld.o ./src/iic.o ./src/platform.o   -Wl,--start-group,-lxil,-lgcc,-lc,--end-group
'Finished building target: microblaze_video_march_31_1.elf'
' '
'Invoking: MicroBlaze Print Size'
mb-size microblaze_video_march_31_1.elf  |tee "microblaze_video_march_31_1.elf.size"
   text	   data	    bss	    dec	    hex	filename
  45864	    352	   3208	  49424	   c110	microblaze_video_march_31_1.elf
'Finished building: microblaze_video_march_31_1.elf.size'
' '
22:17:25 **** Incremental Build of configuration Debug for project microblaze_video_march_31_1 ****
make all 
make: Nothing to be done for 'all'.
22:23:10 **** Auto Build of configuration Debug for project microblaze_video_march_31_1 ****
make all 
'Building file: ../src/helloworld.c'
'Invoking: MicroBlaze gcc compiler'
mb-gcc -Wall -O0 -g3 -c -fmessage-length=0 -MT"src/helloworld.o" -I../../microblaze_video_march_31_1_bsp/microblaze_0/include -mlittle-endian -mcpu=v11.0 -mxl-soft-mul -Wl,--no-relax -ffunction-sections -fdata-sections -MMD -MP -MF"src/helloworld.d" -MT"src/helloworld.o" -o "src/helloworld.o" "../src/helloworld.c"
../src/helloworld.c: In function 'main':
../src/helloworld.c:106:2: warning: implicit declaration of function 'draw_line'; did you mean 'draw_pixel'? [-Wimplicit-function-declaration]
  draw_line(mult_x[mult_option], 210, 0xff);
  ^~~~~~~~~
  draw_pixel
../src/helloworld.c:107:2: warning: implicit declaration of function 'write_number'; did you mean 'is_number'? [-Wimplicit-function-declaration]
  write_number(mult_x[0], 180, multiplier[0], 0xff);
  ^~~~~~~~~~~~
  is_number
../src/helloworld.c:114:2: warning: implicit declaration of function 'write_ON'; did you mean 'write_O'? [-Wimplicit-function-declaration]
  write_ON();
  ^~~~~~~~
  write_O
../src/helloworld.c:140:2: warning: implicit declaration of function 'init_WindowEnable' [-Wimplicit-function-declaration]
  init_WindowEnable();
  ^~~~~~~~~~~~~~~~~
../src/helloworld.c:606:6: warning: implicit declaration of function 'write_OFF'; did you mean 'write_O'? [-Wimplicit-function-declaration]
      write_OFF();
      ^~~~~~~~~
      write_O
../src/helloworld.c:288:7: warning: unused variable 'print_bin' [-Wunused-variable]
   int print_bin = 6;
       ^~~~~~~~~
../src/helloworld.c:143:6: warning: unused variable 'max' [-Wunused-variable]
  int max = 0;
      ^~~
../src/helloworld.c:142:6: warning: unused variable 'min' [-Wunused-variable]
  int min = 10000000;
      ^~~
../src/helloworld.c:129:6: warning: unused variable 'previous_windowVal' [-Wunused-variable]
  int previous_windowVal = 1;
      ^~~~~~~~~~~~~~~~~~
../src/helloworld.c:103:6: warning: unused variable 'previous_mult' [-Wunused-variable]
  int previous_mult = 0;
      ^~~~~~~~~~~~~
../src/helloworld.c:100:6: warning: unused variable 'previous_multiplier' [-Wunused-variable]
  int previous_multiplier[3] = {0, 0, 0};
      ^~~~~~~~~~~~~~~~~~~
../src/helloworld.c:79:6: warning: variable 'v_f_value_i' set but not used [-Wunused-but-set-variable]
  int v_f_value_i = 0;
      ^~~~~~~~~~~
../src/helloworld.c:69:6: warning: variable 'f_value_i' set but not used [-Wunused-but-set-variable]
  int f_value_i = 0;
      ^~~~~~~~~
../src/helloworld.c:61:6: warning: unused variable 'v_color' [-Wunused-variable]
  int v_color;
      ^~~~~~~
../src/helloworld.c:60:6: warning: unused variable 'v_start_y' [-Wunused-variable]
  int v_start_y;
      ^~~~~~~~~
../src/helloworld.c:59:6: warning: unused variable 'v_start_x' [-Wunused-variable]
  int v_start_x;
      ^~~~~~~~~
../src/helloworld.c:34:15: warning: unused variable 'mic_bit' [-Wunused-variable]
  unsigned int mic_bit;
               ^~~~~~~
../src/helloworld.c: At top level:
../src/helloworld.c:1050:6: warning: conflicting types for 'init_WindowEnable'
 void init_WindowEnable()
      ^~~~~~~~~~~~~~~~~
../src/helloworld.c:140:2: note: previous implicit declaration of 'init_WindowEnable' was here
  init_WindowEnable();
  ^~~~~~~~~~~~~~~~~
../src/helloworld.c: In function 'is_number':
../src/helloworld.c:1072:5: warning: type of 'x' defaults to 'int' [-Wimplicit-int]
 int is_number(x)
     ^~~~~~~~~
../src/helloworld.c: At top level:
../src/helloworld.c:1080:6: warning: conflicting types for 'write_ON'
 void write_ON()
      ^~~~~~~~
../src/helloworld.c:114:2: note: previous implicit declaration of 'write_ON' was here
  write_ON();
  ^~~~~~~~
../src/helloworld.c:1107:6: warning: conflicting types for 'write_OFF'
 void write_OFF()
      ^~~~~~~~~
../src/helloworld.c:606:6: note: previous implicit declaration of 'write_OFF' was here
      write_OFF();
      ^~~~~~~~~
../src/helloworld.c:1136:6: warning: conflicting types for 'draw_line'
 void draw_line(int start_x, int start_y, int color)
      ^~~~~~~~~
../src/helloworld.c:106:2: note: previous implicit declaration of 'draw_line' was here
  draw_line(mult_x[mult_option], 210, 0xff);
  ^~~~~~~~~
../src/helloworld.c:1443:6: warning: conflicting types for 'write_number'
 void write_number(int start_x, int start_y, int number, int color)
      ^~~~~~~~~~~~
../src/helloworld.c:107:2: note: previous implicit declaration of 'write_number' was here
  write_number(mult_x[0], 180, multiplier[0], 0xff);
  ^~~~~~~~~~~~
'Finished building: ../src/helloworld.c'
' '
'Building target: microblaze_video_march_31_1.elf'
'Invoking: MicroBlaze gcc linker'
mb-gcc -Wl,-T -Wl,../src/lscript.ld -L../../microblaze_video_march_31_1_bsp/microblaze_0/lib -mlittle-endian -mcpu=v11.0 -mxl-soft-mul -Wl,--no-relax -Wl,--gc-sections -o "microblaze_video_march_31_1.elf"  ./src/audio.o ./src/demo.o ./src/helloworld.o ./src/iic.o ./src/platform.o   -Wl,--start-group,-lxil,-lgcc,-lc,--end-group
'Finished building target: microblaze_video_march_31_1.elf'
' '
'Invoking: MicroBlaze Print Size'
mb-size microblaze_video_march_31_1.elf  |tee "microblaze_video_march_31_1.elf.size"
   text	   data	    bss	    dec	    hex	filename
  45944	    352	   3208	  49504	   c160	microblaze_video_march_31_1.elf
'Finished building: microblaze_video_march_31_1.elf.size'
' '
22:23:13 **** Incremental Build of configuration Debug for project microblaze_video_march_31_1 ****
make all 
make: Nothing to be done for 'all'.
22:34:53 **** Auto Build of configuration Debug for project microblaze_video_march_31_1 ****
make all 
'Building file: ../src/helloworld.c'
'Invoking: MicroBlaze gcc compiler'
mb-gcc -Wall -O0 -g3 -c -fmessage-length=0 -MT"src/helloworld.o" -I../../microblaze_video_march_31_1_bsp/microblaze_0/include -mlittle-endian -mcpu=v11.0 -mxl-soft-mul -Wl,--no-relax -ffunction-sections -fdata-sections -MMD -MP -MF"src/helloworld.d" -MT"src/helloworld.o" -o "src/helloworld.o" "../src/helloworld.c"
../src/helloworld.c: In function 'main':
../src/helloworld.c:106:2: warning: implicit declaration of function 'draw_line'; did you mean 'draw_pixel'? [-Wimplicit-function-declaration]
  draw_line(mult_x[mult_option], 210, 0xff);
  ^~~~~~~~~
  draw_pixel
../src/helloworld.c:107:2: warning: implicit declaration of function 'write_number'; did you mean 'is_number'? [-Wimplicit-function-declaration]
  write_number(mult_x[0], 180, multiplier[0], 0xff);
  ^~~~~~~~~~~~
  is_number
../src/helloworld.c:114:2: warning: implicit declaration of function 'write_ON'; did you mean 'write_O'? [-Wimplicit-function-declaration]
  write_ON();
  ^~~~~~~~
  write_O
../src/helloworld.c:140:2: warning: implicit declaration of function 'init_WindowEnable' [-Wimplicit-function-declaration]
  init_WindowEnable();
  ^~~~~~~~~~~~~~~~~
../src/helloworld.c:606:6: warning: implicit declaration of function 'write_OFF'; did you mean 'write_O'? [-Wimplicit-function-declaration]
      write_OFF();
      ^~~~~~~~~
      write_O
../src/helloworld.c:288:7: warning: unused variable 'print_bin' [-Wunused-variable]
   int print_bin = 6;
       ^~~~~~~~~
../src/helloworld.c:143:6: warning: unused variable 'max' [-Wunused-variable]
  int max = 0;
      ^~~
../src/helloworld.c:142:6: warning: unused variable 'min' [-Wunused-variable]
  int min = 10000000;
      ^~~
../src/helloworld.c:129:6: warning: unused variable 'previous_windowVal' [-Wunused-variable]
  int previous_windowVal = 1;
      ^~~~~~~~~~~~~~~~~~
../src/helloworld.c:103:6: warning: unused variable 'previous_mult' [-Wunused-variable]
  int previous_mult = 0;
      ^~~~~~~~~~~~~
../src/helloworld.c:100:6: warning: unused variable 'previous_multiplier' [-Wunused-variable]
  int previous_multiplier[3] = {0, 0, 0};
      ^~~~~~~~~~~~~~~~~~~
../src/helloworld.c:79:6: warning: variable 'v_f_value_i' set but not used [-Wunused-but-set-variable]
  int v_f_value_i = 0;
      ^~~~~~~~~~~
../src/helloworld.c:69:6: warning: variable 'f_value_i' set but not used [-Wunused-but-set-variable]
  int f_value_i = 0;
      ^~~~~~~~~
../src/helloworld.c:61:6: warning: unused variable 'v_color' [-Wunused-variable]
  int v_color;
      ^~~~~~~
../src/helloworld.c:60:6: warning: unused variable 'v_start_y' [-Wunused-variable]
  int v_start_y;
      ^~~~~~~~~
../src/helloworld.c:59:6: warning: unused variable 'v_start_x' [-Wunused-variable]
  int v_start_x;
      ^~~~~~~~~
../src/helloworld.c:34:15: warning: unused variable 'mic_bit' [-Wunused-variable]
  unsigned int mic_bit;
               ^~~~~~~
../src/helloworld.c: At top level:
../src/helloworld.c:1050:6: warning: conflicting types for 'init_WindowEnable'
 void init_WindowEnable()
      ^~~~~~~~~~~~~~~~~
../src/helloworld.c:140:2: note: previous implicit declaration of 'init_WindowEnable' was here
  init_WindowEnable();
  ^~~~~~~~~~~~~~~~~
../src/helloworld.c: In function 'is_number':
../src/helloworld.c:1072:5: warning: type of 'x' defaults to 'int' [-Wimplicit-int]
 int is_number(x)
     ^~~~~~~~~
../src/helloworld.c: At top level:
../src/helloworld.c:1080:6: warning: conflicting types for 'write_ON'
 void write_ON()
      ^~~~~~~~
../src/helloworld.c:114:2: note: previous implicit declaration of 'write_ON' was here
  write_ON();
  ^~~~~~~~
../src/helloworld.c:1107:6: warning: conflicting types for 'write_OFF'
 void write_OFF()
      ^~~~~~~~~
../src/helloworld.c:606:6: note: previous implicit declaration of 'write_OFF' was here
      write_OFF();
      ^~~~~~~~~
../src/helloworld.c:1136:6: warning: conflicting types for 'draw_line'
 void draw_line(int start_x, int start_y, int color)
      ^~~~~~~~~
../src/helloworld.c:106:2: note: previous implicit declaration of 'draw_line' was here
  draw_line(mult_x[mult_option], 210, 0xff);
  ^~~~~~~~~
../src/helloworld.c:1443:6: warning: conflicting types for 'write_number'
 void write_number(int start_x, int start_y, int number, int color)
      ^~~~~~~~~~~~
../src/helloworld.c:107:2: note: previous implicit declaration of 'write_number' was here
  write_number(mult_x[0], 180, multiplier[0], 0xff);
  ^~~~~~~~~~~~
'Finished building: ../src/helloworld.c'
' '
'Building target: microblaze_video_march_31_1.elf'
'Invoking: MicroBlaze gcc linker'
mb-gcc -Wl,-T -Wl,../src/lscript.ld -L../../microblaze_video_march_31_1_bsp/microblaze_0/lib -mlittle-endian -mcpu=v11.0 -mxl-soft-mul -Wl,--no-relax -Wl,--gc-sections -o "microblaze_video_march_31_1.elf"  ./src/audio.o ./src/demo.o ./src/helloworld.o ./src/iic.o ./src/platform.o   -Wl,--start-group,-lxil,-lgcc,-lc,--end-group
'Finished building target: microblaze_video_march_31_1.elf'
' '
'Invoking: MicroBlaze Print Size'
mb-size microblaze_video_march_31_1.elf  |tee "microblaze_video_march_31_1.elf.size"
   text	   data	    bss	    dec	    hex	filename
  45940	    352	   3212	  49504	   c160	microblaze_video_march_31_1.elf
'Finished building: microblaze_video_march_31_1.elf.size'
' '
22:34:54 **** Incremental Build of configuration Debug for project microblaze_video_march_31_1 ****
make all 
make: Nothing to be done for 'all'.
23:52:55 **** Incremental Build of configuration Debug for project microblaze_video_march_31_1 ****
make all 
make: Nothing to be done for 'all'.
